Microchip MPLAB XC8 Compiler V2.45

Linker command line:

-W-3 --edf=/Applications/microchip/xc8/v2.45/pic/dat/20230818022343_en.msgs \
  -cn -h+dist/default/debug/MI_2023.debug.sym \
  --cmf=dist/default/debug/MI_2023.debug.cmf -z -Q16F1824 \
  -o/tmp/xcPVl71ON/driver_tmp_3.o --defsym=__MPLAB_BUILD=1 \
  --fixupoverflow=error -Mdist/default/debug/MI_2023.debug.map \
  --md=/tmp/xcPVl71ON/driver_tmp_0.dat -E1 -ver=XC8 Compiler --acfsm=1493 \
  -ACODE=00h-07FFhx2 -ASTRCODE=00h-0FFFh -ASTRING=00h-0FFhx16 \
  -ACONST=00h-0FFhx16 -AENTRY=00h-0FFhx16 -ACOMMON=070h-07Fh \
  -ABANK0=020h-06Fh -ABANK1=0A0h-0EFh -ABANK2=0120h-015Fh \
  -ABIGRAM=02000h-020DFh -ARAM=020h-06Fh,0A0h-0EFh,0120h-015Fh \
  -AABS1=020h-07Fh,0A0h-0EFh,0120h-016Fh -ASFR0=00h-01Fh -ASFR1=080h-09Fh \
  -ASFR2=0100h-011Fh -ASFR3=0180h-01EFh -ASFR4=0200h-026Fh \
  -ASFR5=0280h-02EFh -ASFR6=0300h-036Fh -ASFR7=0380h-03EFh \
  -ASFR8=0400h-046Fh -ASFR9=0480h-04EFh -ASFR10=0500h-056Fh \
  -ASFR11=0580h-05EFh -ASFR12=0600h-066Fh -ASFR13=0680h-06EFh \
  -ASFR14=0700h-076Fh -ASFR15=0780h-07EFh -ASFR16=0800h-086Fh \
  -ASFR17=0880h-08EFh -ASFR18=0900h-096Fh -ASFR19=0980h-09EFh \
  -ASFR20=0A00h-0A6Fh -ASFR21=0A80h-0AEFh -ASFR22=0B00h-0B6Fh \
  -ASFR23=0B80h-0BEFh -ASFR24=0C00h-0C6Fh -ASFR25=0C80h-0CEFh \
  -ASFR26=0D00h-0D6Fh -ASFR27=0D80h-0DEFh -ASFR28=0E00h-0E6Fh \
  -ASFR29=0E80h-0EEFh -ASFR30=0F00h-0F6Fh -ASFR31=0F80h-0FEFh \
  -ACONFIG=08007h-08008h -DCONFIG=2 -AIDLOC=08000h-08003h -DIDLOC=2 \
  -AEEDATA=00h-0FFh/0F000h -peeprom_data=EEDATA -DEEDATA=2 -DCODE=2 \
  -DSTRCODE=2 -DSTRING=2 -DCONST=2 -DENTRY=2 \
  -preset_vec=00h,intentry=04h,init,end_init -ppowerup=CODE -pcinit=CODE \
  -pfunctab=ENTRY -k /tmp/xcPVl71ON/driver_tmp_15.o \
  dist/default/debug/MI_2023.debug.o 

Object code version is 3.11

Machine type is 16F1824



                Name                               Link     Load   Length Selector   Space Scale
/tmp/xcPVl71ON/driver_tmp_15.o
                end_init                             D7       D7        2        8       0
                reset_vec                             0        0        3        0       0
                config                             8007     8007        2        0       4
dist/default/debug/MI_2023.debug.o
                cinit                                D9       D9       18        8       0
                intentry                              4        4       D3        8       0
                config                             8007     8007        2        0       4
                text15                              419      419       20      5EA       0
                text13                              4A4      4A4        4      910       0
                text12                              49E      49E        6      910       0
                text11                              477      477        9      5EA       0
                text10                              458      458       13      5EA       0
                text9                               46B      46B        C      5EA       0
                text8                               4AA      4AA        2      910       0
                text7                               3A0      3A0       2C      5EA       0
                text6                               3CC      3CC       27      5EA       0
                text5                               3F3      3F3       26      5EA       0
                text4                               371      371       2F      5EA       0
                text3                               2F5      2F5       7C      5EA       0
                text2                               490      490        8      910       0
                text1                               488      488        8      910       0
                maintext                            439      439       1F      5EA       0
                cstackBANK0                          40       40       12       20       1
                cstackCOMMON                         70       70        6       70       1
                clrtext                             498      498        6      910       0
                dataBANK0                            52       52        2       20       1
                bssBANK0                             20       20       20       20       1
                bssCOMMON                            76       76        5       70       1
                stringtext16                        4B8      4B8        1      958       0
                stringtext15                        4B7      4B7        1      958       0
                stringtext14                        4B6      4B6        1      958       0
                stringtext13                        4B5      4B5        1      958       0
                stringtext12                        4B4      4B4        1      958       0
                stringtext11                        4B3      4B3        1      958       0
                stringtext10                        4B2      4B2        1      958       0
                stringtext9                         4B1      4B1        1      958       0
                stringtext8                         4B0      4B0        1      958       0
                stringtext7                         4AF      4AF        1      958       0
                stringtext6                         4AE      4AE        1      958       0
                stringtext5                         4AD      4AD        1      958       0
                stringtext4                         4AC      4AC        1      958       0
                stringtext3                         480      480        8      900       0
                stringtext2                         1F3      1F3      102      1E2       0
                stringtext1                          F1       F1      102      1E2       0
                idataBANK0                          4A8      4A8        2      910       0

TOTAL           Name                               Link     Load   Length     Space
        CLASS   CODE           
                end_init                             D7       D7        2         0
                cinit                                D9       D9       18         0
                intentry                              4        4       D3         0
                reset_vec                             0        0        3         0
                text15                              419      419       20         0
                text13                              4A4      4A4        4         0
                text12                              49E      49E        6         0
                text11                              477      477        9         0
                text10                              458      458       13         0
                text9                               46B      46B        C         0
                text8                               4AA      4AA        2         0
                text7                               3A0      3A0       2C         0
                text6                               3CC      3CC       27         0
                text5                               3F3      3F3       26         0
                text4                               371      371       2F         0
                text3                               2F5      2F5       7C         0
                text2                               490      490        8         0
                text1                               488      488        8         0
                maintext                            439      439       1F         0
                clrtext                             498      498        6         0
                idataBANK0                          4A8      4A8        2         0

        CLASS   STRCODE        
                stringtext16                        4B8      4B8        1         0
                stringtext15                        4B7      4B7        1         0
                stringtext14                        4B6      4B6        1         0
                stringtext13                        4B5      4B5        1         0
                stringtext12                        4B4      4B4        1         0
                stringtext11                        4B3      4B3        1         0
                stringtext10                        4B2      4B2        1         0
                stringtext9                         4B1      4B1        1         0
                stringtext8                         4B0      4B0        1         0
                stringtext7                         4AF      4AF        1         0
                stringtext6                         4AE      4AE        1         0
                stringtext5                         4AD      4AD        1         0
                stringtext4                         4AC      4AC        1         0
                stringtext3                         480      480        8         0
                stringtext2                         1F3      1F3      102         0
                stringtext1                          F1       F1      102         0

        CLASS   STRING         

        CLASS   CONST          

        CLASS   ENTRY          

        CLASS   COMMON         
                cstackCOMMON                         70       70        6         1
                bssCOMMON                            76       76        5         1

        CLASS   BANK0          
                cstackBANK0                          40       40       12         1
                dataBANK0                            52       52        2         1
                bssBANK0                             20       20       20         1

        CLASS   BANK1          

        CLASS   BANK2          

        CLASS   BIGRAM         

        CLASS   RAM            

        CLASS   ABS1           
                abs_s1                               7E       7E        2         1

        CLASS   SFR0           

        CLASS   SFR1           

        CLASS   SFR2           

        CLASS   SFR3           

        CLASS   SFR4           

        CLASS   SFR5           

        CLASS   SFR6           

        CLASS   SFR7           

        CLASS   SFR8           

        CLASS   SFR9           

        CLASS   SFR10          

        CLASS   SFR11          

        CLASS   SFR12          

        CLASS   SFR13          

        CLASS   SFR14          

        CLASS   SFR15          

        CLASS   SFR16          

        CLASS   SFR17          

        CLASS   SFR18          

        CLASS   SFR19          

        CLASS   SFR20          

        CLASS   SFR21          

        CLASS   SFR22          

        CLASS   SFR23          

        CLASS   SFR24          

        CLASS   SFR25          

        CLASS   SFR26          

        CLASS   SFR27          

        CLASS   SFR28          

        CLASS   SFR29          

        CLASS   SFR30          

        CLASS   SFR31          

        CLASS   CONFIG         
                config                             8007     8007        2         4

        CLASS   IDLOC          

        CLASS   EEDATA         

        CLASS   BANK31         

        CLASS   BANK30         

        CLASS   BANK29         

        CLASS   BANK28         

        CLASS   BANK27         

        CLASS   BANK26         

        CLASS   BANK25         

        CLASS   BANK24         

        CLASS   BANK23         

        CLASS   BANK22         

        CLASS   BANK21         

        CLASS   BANK20         

        CLASS   BANK19         

        CLASS   BANK18         

        CLASS   BANK17         

        CLASS   BANK16         

        CLASS   BANK15         

        CLASS   BANK14         

        CLASS   BANK13         

        CLASS   BANK12         

        CLASS   BANK11         

        CLASS   BANK10         

        CLASS   BANK9          

        CLASS   BANK8          

        CLASS   BANK7          

        CLASS   BANK6          

        CLASS   BANK5          

        CLASS   BANK4          

        CLASS   BANK3          

        CLASS   HEAP           

        CLASS   STACK          



SEGMENTS        Name                           Load    Length   Top    Selector   Space  Class     Delta

                reset_vec                      000000  000003  000003         0       0  CODE        2
                text3                          0002F5  00018B  000480       5EA       0  CODE        2
                stringtext1                    0000F1  000204  0002F5       1E2       0  STRCODE     2
                text1                          000488  000024  0004AC       910       0  CODE        2
                stringtext4                    0004AC  00000D  0004B9       958       0  STRCODE     2
                stringtext3                    000480  000008  000488       900       0  STRCODE     2
                bssBANK0                       000020  000034  000054        20       1  BANK0       1
                cstackCOMMON                   000070  00000B  00007B        70       1  COMMON      1
                intentry                       000004  0000ED  0000F1         8       0  CODE        2


UNUSED ADDRESS RANGES

        Name                Unused          Largest block    Delta
        BANK0            00054-0006F              1C           1
        BANK1            000A0-000EF              50           1
        BANK2            00120-0015F              40           1
        BIGRAM           02000-020DF              E0           1
        CODE             00003-00003               1           2
                         004B9-00FFF             347
        COMMON           0007B-0007D               3           1
        CONST            00003-00003               1           2
                         004B9-00FFF             100
        EEDATA           0F000-0F0FF             100           2
        ENTRY            00003-00003               1           2
                         004B9-00FFF             100
        IDLOC            08000-08003               4           2
        RAM              00054-0006F              1C           1
                         000A0-000EF              50
                         00120-0015F              40
        SFR0             00000-0001F              20           1
        SFR1             00080-0009F              20           1
        SFR10            00500-0056F              70           1
        SFR11            00580-005EF              70           1
        SFR12            00600-0066F              70           1
        SFR13            00680-006EF              70           1
        SFR14            00700-0076F              70           1
        SFR15            00780-007EF              70           1
        SFR16            00800-0086F              70           1
        SFR17            00880-008EF              70           1
        SFR18            00900-0096F              70           1
        SFR19            00980-009EF              70           1
        SFR2             00100-0011F              20           1
        SFR20            00A00-00A6F              70           1
        SFR21            00A80-00AEF              70           1
        SFR22            00B00-00B6F              70           1
        SFR23            00B80-00BEF              70           1
        SFR24            00C00-00C6F              70           1
        SFR25            00C80-00CEF              70           1
        SFR26            00D00-00D6F              70           1
        SFR27            00D80-00DEF              70           1
        SFR28            00E00-00E6F              70           1
        SFR29            00E80-00EEF              70           1
        SFR3             00180-001EF              70           1
        SFR30            00F00-00F6F              70           1
        SFR31            00F80-00FEF              70           1
        SFR4             00200-0026F              70           1
        SFR5             00280-002EF              70           1
        SFR6             00300-0036F              70           1
        SFR7             00380-003EF              70           1
        SFR8             00400-0046F              70           1
        SFR9             00480-004EF              70           1
        STRCODE          00003-00003               1           2
                         004B9-00FFF             B47
        STRING           00003-00003               1           2
                         004B9-00FFF             100

                                  Symbol Table

?_DO_ADC                                                 cstackBANK0  00040
?___lmul                                                 cstackBANK0  00040
DETERMINE_WAVESHAPE@ADC                                  cstackBANK0  00046
DO_ADC@adc_result                                        cstackBANK0  00043
DO_ADC@modifier                                          cstackBANK0  00040
DO_ADC@temp                                              cstackBANK0  00045
PROCESS_RAW_SPEED_AND_PRESCALER@speed_control_subtracted cstackBANK0  00050
SET_DUTY_CCP3@duty_ptr                                   cstackCOMMON 00073
SET_DUTY_CCP3@temp                                       cstackCOMMON 00072
_ADCON0                                                  (abs)        0009D
_ADCON1                                                  (abs)        0009E
_ADON                                                    (abs)        004E8
_ADRESH                                                  (abs)        0009C
_ADRESL                                                  (abs)        0009B
_ANSELC                                                  (abs)        0018E
_C1ON                                                    (abs)        0088F
_CCP3CON                                                 (abs)        00313
_CCPR3L                                                  (abs)        00311
_CCPTMRS0                                                (abs)        0029E
_CONFIG_ADC_PINS                                         text13       004A4
_CONFIG_INT_OSC                                          text12       0049E
_CONFIG_PORTS                                            text11       00477
_CONFIG_PWM_CCP3                                         text10       00458
_CONFIG_SYSTEM                                           text9        0046B
_CONFIG_TMR0_INTERRUPT                                   text8        004AA
_DETERMINE_WAVESHAPE                                     text6        003CC
_DO_ADC                                                  text7        003A0
_GET_CURRENT_POT_VALUES                                  text5        003F3
_GIE                                                     (abs)        0005F
_GO_nDONE                                                (abs)        004E9
_INTERRUPT_InterruptManager                              intentry     00004
_OSCCON                                                  (abs)        00099
_OSCTUNE                                                 (abs)        00098
_PR2                                                     (abs)        0001B
_PROCESS_RAW_SPEED_AND_PRESCALER                         text3        002F5
_PROCESS_TMR0_AND_PRESCALER_ADJUST                       text2        00490
_SET_DUTY_CCP3                                           text15       00419
_SRLEN                                                   (abs)        008D7
_T2CON                                                   (abs)        0001C
_TMR0                                                    (abs)        00015
_TMR0IE                                                  (abs)        0005D
_TMR0IF                                                  (abs)        0005A
_TMR2IF                                                  (abs)        00089
_TMR2ON                                                  (abs)        000E2
_TRISA2                                                  (abs)        00462
_TRISC                                                   (abs)        0008E
_TURN_ON_CCP3_PWM                                        text1        00488
_WPUC                                                    (abs)        0020E
__H__absolute__                                          __absolute__ 00000
__Habs1                                                  abs1         00000
__Hbank0                                                 bank0        00000
__Hbank1                                                 bank1        00000
__Hbank10                                                bank10       00000
__Hbank11                                                bank11       00000
__Hbank12                                                bank12       00000
__Hbank13                                                bank13       00000
__Hbank14                                                bank14       00000
__Hbank15                                                bank15       00000
__Hbank16                                                bank16       00000
__Hbank17                                                bank17       00000
__Hbank18                                                bank18       00000
__Hbank19                                                bank19       00000
__Hbank2                                                 bank2        00000
__Hbank20                                                bank20       00000
__Hbank21                                                bank21       00000
__Hbank22                                                bank22       00000
__Hbank23                                                bank23       00000
__Hbank24                                                bank24       00000
__Hbank25                                                bank25       00000
__Hbank26                                                bank26       00000
__Hbank27                                                bank27       00000
__Hbank28                                                bank28       00000
__Hbank29                                                bank29       00000
__Hbank3                                                 bank3        00000
__Hbank30                                                bank30       00000
__Hbank31                                                bank31       00000
__Hbank4                                                 bank4        00000
__Hbank5                                                 bank5        00000
__Hbank6                                                 bank6        00000
__Hbank7                                                 bank7        00000
__Hbank8                                                 bank8        00000
__Hbank9                                                 bank9        00000
__Hbigram                                                bigram       00000
__HbssBANK0                                              bssBANK0     00000
__HbssCOMMON                                             bssCOMMON    00000
__Hcinit                                                 cinit        000F1
__Hclrtext                                               clrtext      00000
__Hcode                                                  code         00000
__Hcommon                                                common       00000
__Hconfig                                                config       08009
__HcstackBANK0                                           cstackBANK0  00000
__HcstackCOMMON                                          cstackCOMMON 00000
__HdataBANK0                                             dataBANK0    00000
__Heeprom_data                                           eeprom_data  00000
__Hend_init                                              end_init     000D9
__Hfunctab                                               functab      00000
__Hheap                                                  heap         00000
__HidataBANK0                                            idataBANK0   00000
__Hinit                                                  init         000D7
__Hintentry                                              intentry     000D7
__Hmaintext                                              maintext     00000
__Hpowerup                                               powerup      00000
__Hram                                                   ram          00000
__Hreset_vec                                             reset_vec    00003
__Hsfr0                                                  sfr0         00000
__Hsfr1                                                  sfr1         00000
__Hsfr10                                                 sfr10        00000
__Hsfr11                                                 sfr11        00000
__Hsfr12                                                 sfr12        00000
__Hsfr13                                                 sfr13        00000
__Hsfr14                                                 sfr14        00000
__Hsfr15                                                 sfr15        00000
__Hsfr16                                                 sfr16        00000
__Hsfr17                                                 sfr17        00000
__Hsfr18                                                 sfr18        00000
__Hsfr19                                                 sfr19        00000
__Hsfr2                                                  sfr2         00000
__Hsfr20                                                 sfr20        00000
__Hsfr21                                                 sfr21        00000
__Hsfr22                                                 sfr22        00000
__Hsfr23                                                 sfr23        00000
__Hsfr24                                                 sfr24        00000
__Hsfr25                                                 sfr25        00000
__Hsfr26                                                 sfr26        00000
__Hsfr27                                                 sfr27        00000
__Hsfr28                                                 sfr28        00000
__Hsfr29                                                 sfr29        00000
__Hsfr3                                                  sfr3         00000
__Hsfr30                                                 sfr30        00000
__Hsfr31                                                 sfr31        00000
__Hsfr4                                                  sfr4         00000
__Hsfr5                                                  sfr5         00000
__Hsfr6                                                  sfr6         00000
__Hsfr7                                                  sfr7         00000
__Hsfr8                                                  sfr8         00000
__Hsfr9                                                  sfr9         00000
__Hspace_0                                               (abs)        004B9
__Hspace_1                                               (abs)        0007B
__Hspace_2                                               (abs)        00000
__Hspace_3                                               (abs)        00000
__Hspace_4                                               (abs)        10010
__Hstack                                                 stack        00000
__Hstrings                                               strings      00000
__Hstringtext1                                           stringtext1  00000
__Hstringtext10                                          stringtext10 00000
__Hstringtext11                                          stringtext11 00000
__Hstringtext12                                          stringtext12 00000
__Hstringtext13                                          stringtext13 00000
__Hstringtext14                                          stringtext14 00000
__Hstringtext15                                          stringtext15 00000
__Hstringtext16                                          stringtext16 00000
__Hstringtext2                                           stringtext2  00000
__Hstringtext3                                           stringtext3  00000
__Hstringtext4                                           stringtext4  00000
__Hstringtext5                                           stringtext5  00000
__Hstringtext6                                           stringtext6  00000
__Hstringtext7                                           stringtext7  00000
__Hstringtext8                                           stringtext8  00000
__Hstringtext9                                           stringtext9  00000
__Htext                                                  text         00000
__L__absolute__                                          __absolute__ 00000
__Labs1                                                  abs1         00000
__Lbank0                                                 bank0        00000
__Lbank1                                                 bank1        00000
__Lbank10                                                bank10       00000
__Lbank11                                                bank11       00000
__Lbank12                                                bank12       00000
__Lbank13                                                bank13       00000
__Lbank14                                                bank14       00000
__Lbank15                                                bank15       00000
__Lbank16                                                bank16       00000
__Lbank17                                                bank17       00000
__Lbank18                                                bank18       00000
__Lbank19                                                bank19       00000
__Lbank2                                                 bank2        00000
__Lbank20                                                bank20       00000
__Lbank21                                                bank21       00000
__Lbank22                                                bank22       00000
__Lbank23                                                bank23       00000
__Lbank24                                                bank24       00000
__Lbank25                                                bank25       00000
__Lbank26                                                bank26       00000
__Lbank27                                                bank27       00000
__Lbank28                                                bank28       00000
__Lbank29                                                bank29       00000
__Lbank3                                                 bank3        00000
__Lbank30                                                bank30       00000
__Lbank31                                                bank31       00000
__Lbank4                                                 bank4        00000
__Lbank5                                                 bank5        00000
__Lbank6                                                 bank6        00000
__Lbank7                                                 bank7        00000
__Lbank8                                                 bank8        00000
__Lbank9                                                 bank9        00000
__Lbigram                                                bigram       00000
__LbssBANK0                                              bssBANK0     00000
__LbssCOMMON                                             bssCOMMON    00000
__Lcinit                                                 cinit        000D9
__Lclrtext                                               clrtext      00000
__Lcode                                                  code         00000
__Lcommon                                                common       00000
__Lconfig                                                config       00000
__LcstackBANK0                                           cstackBANK0  00000
__LcstackCOMMON                                          cstackCOMMON 00000
__LdataBANK0                                             dataBANK0    00000
__Leeprom_data                                           eeprom_data  00000
__Lend_init                                              end_init     000D7
__Lfunctab                                               functab      00000
__Lheap                                                  heap         00000
__LidataBANK0                                            idataBANK0   00000
__Linit                                                  init         000D7
__Lintentry                                              intentry     00004
__Lmaintext                                              maintext     00000
__Lpowerup                                               powerup      00000
__Lram                                                   ram          00000
__Lreset_vec                                             reset_vec    00000
__Lsfr0                                                  sfr0         00000
__Lsfr1                                                  sfr1         00000
__Lsfr10                                                 sfr10        00000
__Lsfr11                                                 sfr11        00000
__Lsfr12                                                 sfr12        00000
__Lsfr13                                                 sfr13        00000
__Lsfr14                                                 sfr14        00000
__Lsfr15                                                 sfr15        00000
__Lsfr16                                                 sfr16        00000
__Lsfr17                                                 sfr17        00000
__Lsfr18                                                 sfr18        00000
__Lsfr19                                                 sfr19        00000
__Lsfr2                                                  sfr2         00000
__Lsfr20                                                 sfr20        00000
__Lsfr21                                                 sfr21        00000
__Lsfr22                                                 sfr22        00000
__Lsfr23                                                 sfr23        00000
__Lsfr24                                                 sfr24        00000
__Lsfr25                                                 sfr25        00000
__Lsfr26                                                 sfr26        00000
__Lsfr27                                                 sfr27        00000
__Lsfr28                                                 sfr28        00000
__Lsfr29                                                 sfr29        00000
__Lsfr3                                                  sfr3         00000
__Lsfr30                                                 sfr30        00000
__Lsfr31                                                 sfr31        00000
__Lsfr4                                                  sfr4         00000
__Lsfr5                                                  sfr5         00000
__Lsfr6                                                  sfr6         00000
__Lsfr7                                                  sfr7         00000
__Lsfr8                                                  sfr8         00000
__Lsfr9                                                  sfr9         00000
__Lspace_0                                               (abs)        00000
__Lspace_1                                               (abs)        00000
__Lspace_2                                               (abs)        00000
__Lspace_3                                               (abs)        00000
__Lspace_4                                               (abs)        00000
__Lstack                                                 stack        00000
__Lstrings                                               strings      00000
__Lstringtext1                                           stringtext1  00000
__Lstringtext10                                          stringtext10 00000
__Lstringtext11                                          stringtext11 00000
__Lstringtext12                                          stringtext12 00000
__Lstringtext13                                          stringtext13 00000
__Lstringtext14                                          stringtext14 00000
__Lstringtext15                                          stringtext15 00000
__Lstringtext16                                          stringtext16 00000
__Lstringtext2                                           stringtext2  00000
__Lstringtext3                                           stringtext3  00000
__Lstringtext4                                           stringtext4  00000
__Lstringtext5                                           stringtext5  00000
__Lstringtext6                                           stringtext6  00000
__Lstringtext7                                           stringtext7  00000
__Lstringtext8                                           stringtext8  00000
__Lstringtext9                                           stringtext9  00000
__Ltext                                                  text         00000
__S0                                                     (abs)        004B9
__S1                                                     (abs)        0007B
__S3                                                     (abs)        00000
___heap_hi                                               (abs)        00000
___heap_lo                                               (abs)        00000
___int_sp                                                stack        00000
___int_stack_hi                                          stack        00000
___int_stack_lo                                          stack        00000
___latbits                                               (abs)        00001
___lmul                                                  text4        00371
___lmul@multiplicand                                     cstackBANK0  00044
___lmul@multiplier                                       cstackBANK0  00040
___lmul@product                                          cstackBANK0  00048
___sp                                                    stack        00000
___stack_hi                                              stack        00000
___stack_lo                                              stack        00000
___stackhi                                               (abs)        00000
___stacklo                                               (abs)        00000
__end_of_CONFIG_ADC_PINS                                 text13       004A8
__end_of_CONFIG_INT_OSC                                  text12       004A4
__end_of_CONFIG_PORTS                                    text11       00480
__end_of_CONFIG_PWM_CCP3                                 text10       0046B
__end_of_CONFIG_SYSTEM                                   text9        00477
__end_of_CONFIG_TMR0_INTERRUPT                           text8        004AC
__end_of_DETERMINE_WAVESHAPE                             text6        003F3
__end_of_DIVIDE_BY_FOUR                                  stringtext7  004B0
__end_of_DIVIDE_BY_TWO                                   stringtext9  004B2
__end_of_DONT_CARE                                       stringtext6  004AF
__end_of_DO_ADC                                          text7        003CC
__end_of_DO_NOTHING                                      stringtext10 004B3
__end_of_GET_CURRENT_POT_VALUES                          text5        00419
__end_of_INTERRUPT_InterruptManager                      intentry     000D7
__end_of_MULTIPLY_BY_TWO                                 stringtext8  004B1
__end_of_NEGATIVE                                        stringtext11 004B4
__end_of_NO                                              stringtext4  004AD
__end_of_POSITIVE                                        stringtext12 004B5
__end_of_PROCESS_RAW_SPEED_AND_PRESCALER                 text3        00371
__end_of_PROCESS_TMR0_AND_PRESCALER_ADJUST               text2        00498
__end_of_SET_DUTY_CCP3                                   text15       00439
__end_of_TURN_ON_CCP3_PWM                                text1        00490
__end_of_YES                                             stringtext5  004AE
__end_of___lmul                                          text4        003A0
__end_of__initialization                                 cinit        000ED
__end_of_depth_adc_config_value                          stringtext14 004B7
__end_of_main                                            maintext     00458
__end_of_prescaler_bits                                  stringtext3  00488
__end_of_sine_table_one_quadrant                         stringtext2  002F5
__end_of_speed_adc_config_value                          stringtext15 004B8
__end_of_symmetry_adc_config_value                       stringtext13 004B6
__end_of_tri_table_one_quadrant                          stringtext1  001F3
__end_of_waveshape_adc_config_value                      stringtext16 004B9
__initialization                                         cinit        000D9
__pbssBANK0                                              bssBANK0     00020
__pbssCOMMON                                             bssCOMMON    00076
__pcstackBANK0                                           cstackBANK0  00040
__pcstackCOMMON                                          cstackCOMMON 00070
__pdataBANK0                                             dataBANK0    00052
__pidataBANK0                                            idataBANK0   004A8
__pintentry                                              intentry     00004
__pmaintext                                              maintext     00439
__pstringtext1                                           stringtext1  000F1
__pstringtext10                                          stringtext10 004B2
__pstringtext11                                          stringtext11 004B3
__pstringtext12                                          stringtext12 004B4
__pstringtext13                                          stringtext13 004B5
__pstringtext14                                          stringtext14 004B6
__pstringtext15                                          stringtext15 004B7
__pstringtext16                                          stringtext16 004B8
__pstringtext2                                           stringtext2  001F3
__pstringtext3                                           stringtext3  00480
__pstringtext4                                           stringtext4  004AC
__pstringtext5                                           stringtext5  004AD
__pstringtext6                                           stringtext6  004AE
__pstringtext7                                           stringtext7  004AF
__pstringtext8                                           stringtext8  004B0
__pstringtext9                                           stringtext9  004B1
__ptext1                                                 text1        00488
__ptext10                                                text10       00458
__ptext11                                                text11       00477
__ptext12                                                text12       0049E
__ptext13                                                text13       004A4
__ptext15                                                text15       00419
__ptext2                                                 text2        00490
__ptext3                                                 text3        002F5
__ptext4                                                 text4        00371
__ptext5                                                 text5        003F3
__ptext6                                                 text6        003CC
__ptext7                                                 text7        003A0
__ptext8                                                 text8        004AA
__ptext9                                                 text9        0046B
_base_prescaler_bits_index                               bssBANK0     0003A
_current_depth                                           bssBANK0     00035
_current_halfcycle                                       bssCOMMON    00076
_current_one_quadrant_index                              bssCOMMON    00077
_current_quadrant                                        bssBANK0     0003F
_current_speed_linear                                    bssBANK0     00033
_current_speed_linear_32                                 bssBANK0     00024
_current_symmetry                                        bssBANK0     0002B
_current_waveshape                                       bssCOMMON    00078
_depth_adc_config_value                                  stringtext14 004B6
_duty                                                    bssCOMMON    00079
_duty_high_byte                                          bssBANK0     0003D
_duty_low_byte                                           bssBANK0     0003E
_final_TMR0                                              bssBANK0     0002E
_how_many_128                                            bssBANK0     0003C
_main                                                    maintext     00439
_prescaler_adjust                                        bssBANK0     0003B
_prescaler_final_index                                   bssBANK0     00037
_prescaler_overflow_flag                                 bssBANK0     00038
_raw_TMR0                                                bssBANK0     00028
_sine_table_one_quadrant                                 stringtext2  001F3
_speed_adc_config_value                                  stringtext15 004B7
_speed_control                                           bssBANK0     00031
_speed_control_32                                        bssBANK0     00020
_symmetry_status                                         bssBANK0     00039
_top_two_bytes_ptr                                       dataBANK0    00052
_tri_table_one_quadrant                                  stringtext1  000F1
_waveshape_adc_config_value                              stringtext16 004B8
btemp                                                    (abs)        0007E
clear_ram0                                               clrtext      00498
end_of_initialization                                    cinit        000ED
int$flags                                                (abs)        0007E
intlevel0                                                functab      00000
intlevel1                                                functab      00000
intlevel2                                                functab      00000
intlevel3                                                functab      00000
intlevel4                                                functab      00000
intlevel5                                                functab      00000
reset_vec                                                reset_vec    00000
start                                                    init         000D7
start_initialization                                     cinit        000D9
wtemp0                                                   (abs)        0007E


MODULE INFORMATION

Module		Function		Class		Link	Load	Size
/Applications/microchip/xc8/v2.45/pic/sources/c99/common/Umul32.c
		___lmul        		CODE           	0371	0000	47

/Applications/microchip/xc8/v2.45/pic/sources/c99/common/Umul32.c estimated size: 47

config.c
		_TURN_ON_CCP3_PWM		CODE           	0488	0000	8
		_CONFIG_PORTS  		CODE           	0477	0000	9
		_CONFIG_SYSTEM 		CODE           	046B	0000	12
		_CONFIG_INT_OSC		CODE           	049E	0000	6
		_CONFIG_PWM_CCP3		CODE           	0458	0000	19
		_CONFIG_TMR0_INTERRUPT		CODE           	04AA	0000	2
		_CONFIG_ADC_PINS		CODE           	04A4	0000	4
		_DO_ADC        		CODE           	03A0	0000	44

config.c estimated size: 104

shared
		_MULTIPLY_BY_TWO		STRCODE        	0000	0000	0
		_waveshape_adc_config_value		STRCODE        	04B8	0000	1
		_YES           		STRCODE        	0000	0000	0
		_DONT_CARE     		STRCODE        	0000	0000	0
		_POSITIVE      		STRCODE        	0000	0000	0
		_DIVIDE_BY_TWO 		STRCODE        	0000	0000	0
		_DO_NOTHING    		STRCODE        	0000	0000	0
		_DIVIDE_BY_FOUR		STRCODE        	0000	0000	0
		_speed_adc_config_value		STRCODE        	04B7	0000	1
		_depth_adc_config_value		STRCODE        	04B6	0000	1
		__initialization		CODE           	00D9	0000	20
		_NO            		STRCODE        	0000	0000	0
		_tri_table_one_quadrant		STRCODE        	00F1	0000	258
		_symmetry_adc_config_value		STRCODE        	0000	0000	0
		_NEGATIVE      		STRCODE        	0000	0000	0
		_sine_table_one_quadrant		STRCODE        	01F3	0000	258
		_prescaler_bits		STRCODE        	0000	0000	0

shared estimated size: 539

main.c
		_main          		CODE           	0439	0000	31
		_INTERRUPT_InterruptManager		CODE           	0004	0000	211

main.c estimated size: 242

system.c
		_SET_DUTY_CCP3 		CODE           	0419	0000	32
		_PROCESS_TMR0_AND_PRESCALER_ADJUST		CODE           	0490	0000	8
		_PROCESS_RAW_SPEED_AND_PRESCALER		CODE           	02F5	0000	124
		_GET_CURRENT_POT_VALUES		CODE           	03F3	0000	38
		_DETERMINE_WAVESHAPE		CODE           	03CC	0000	39

system.c estimated size: 241

