Microchip MPLAB XC8 Compiler V2.45

Linker command line:

-W-3 --edf=/Applications/microchip/xc8/v2.45/pic/dat/20230818022343_en.msgs \
  -cn \
  -h+dist/default/production/Modulation_Index_2023_PIC16F1824.X.production.sym \
  --cmf=dist/default/production/Modulation_Index_2023_PIC16F1824.X.production.cmf \
  -z -Q16F1824 -o/tmp/xcaBbAiRW/driver_tmp_3.o --defsym=__MPLAB_BUILD=1 \
  --fixupoverflow=error \
  -Mdist/default/production/Modulation_Index_2023_PIC16F1824.X.production.map \
  --md=/tmp/xcaBbAiRW/driver_tmp_0.dat -E1 -ver=XC8 Compiler --acfsm=1493 \
  -ACODE=00h-07FFhx2 -ASTRCODE=00h-0FFFh -ASTRING=00h-0FFhx16 \
  -ACONST=00h-0FFhx16 -AENTRY=00h-0FFhx16 -ACOMMON=070h-07Fh \
  -ABANK0=020h-06Fh -ABANK1=0A0h-0EFh -ABANK2=0120h-016Fh \
  -ABIGRAM=02000h-020EFh -ARAM=020h-06Fh,0A0h-0EFh,0120h-016Fh \
  -AABS1=020h-07Fh,0A0h-0EFh,0120h-016Fh -ASFR0=00h-01Fh -ASFR1=080h-09Fh \
  -ASFR2=0100h-011Fh -ASFR3=0180h-01EFh -ASFR4=0200h-026Fh \
  -ASFR5=0280h-02EFh -ASFR6=0300h-036Fh -ASFR7=0380h-03EFh \
  -ASFR8=0400h-046Fh -ASFR9=0480h-04EFh -ASFR10=0500h-056Fh \
  -ASFR11=0580h-05EFh -ASFR12=0600h-066Fh -ASFR13=0680h-06EFh \
  -ASFR14=0700h-076Fh -ASFR15=0780h-07EFh -ASFR16=0800h-086Fh \
  -ASFR17=0880h-08EFh -ASFR18=0900h-096Fh -ASFR19=0980h-09EFh \
  -ASFR20=0A00h-0A6Fh -ASFR21=0A80h-0AEFh -ASFR22=0B00h-0B6Fh \
  -ASFR23=0B80h-0BEFh -ASFR24=0C00h-0C6Fh -ASFR25=0C80h-0CEFh \
  -ASFR26=0D00h-0D6Fh -ASFR27=0D80h-0DEFh -ASFR28=0E00h-0E6Fh \
  -ASFR29=0E80h-0EEFh -ASFR30=0F00h-0F6Fh -ASFR31=0F80h-0FEFh \
  -ACONFIG=08007h-08008h -DCONFIG=2 -AIDLOC=08000h-08003h -DIDLOC=2 \
  -AEEDATA=00h-0FFh/0F000h -peeprom_data=EEDATA -DEEDATA=2 -DCODE=2 \
  -DSTRCODE=2 -DSTRING=2 -DCONST=2 -DENTRY=2 \
  -preset_vec=00h,intentry=04h,init,end_init -ppowerup=CODE -pcinit=CODE \
  -pfunctab=ENTRY -k /tmp/xcaBbAiRW/driver_tmp_15.o \
  dist/default/production/Modulation_Index_2023_PIC16F1824.X.production.o 

Object code version is 3.11

Machine type is 16F1824



                Name                               Link     Load   Length Selector   Space Scale
/tmp/xcaBbAiRW/driver_tmp_15.o
                end_init                             D3       D3        2        8       0
                reset_vec                             0        0        2        0       0
                config                             8007     8007        2        0       4
dist/default/production/Modulation_Index_2023_PIC16F1824.X.production.o
                cinit                                D5       D5       19        8       0
                intentry                              4        4       CF        8       0
                config                             8007     8007        2        0       4
                text17                              50C      50C       20      5E4       0
                text15                              578      578        4      AB8       0
                text14                              572      572        6      AB8       0
                text13                              54B      54B        9      5E4       0
                text12                              52C      52C       13      5E4       0
                text11                              53F      53F        C      5E4       0
                text10                              57E      57E        2      AB8       0
                text9                               492      492       2C      5E4       0
                text8                               4E5      4E5       27      5E4       0
                text7                               3EA      3EA       3D      5E4       0
                text6                               427      427       3C      5E4       0
                text5                               463      463       2F      5E4       0
                text4                               380      380       6A      5E4       0
                text3                               2F2      2F2       8E      5E4       0
                text2                               564      564        8      AB8       0
                text1                               55C      55C        8      AB8       0
                maintext                            4BE      4BE       27      5E4       0
                cstackBANK0                          42       42       10       20       1
                cstackCOMMON                         76       76        6       70       1
                clrtext                             56C      56C        6      AB8       0
                dataBANK0                            52       52        2       20       1
                bssBANK0                             20       20       22       20       1
                bssCOMMON                            70       70        6       70       1
                stringtext12                        588      588        1      B00       0
                stringtext11                        587      587        1      B00       0
                stringtext10                        586      586        1      B00       0
                stringtext9                         585      585        1      B00       0
                stringtext8                         584      584        1      B00       0
                stringtext7                         583      583        1      B00       0
                stringtext6                         582      582        1      B00       0
                stringtext5                         581      581        1      B00       0
                stringtext4                         580      580        1      B00       0
                stringtext3                         554      554        8      AA8       0
                stringtext2                         1F0      1F0      102      1DC       0
                stringtext1                          EE       EE      102      1DC       0
                idataBANK0                          57C      57C        2      AB8       0

TOTAL           Name                               Link     Load   Length     Space
        CLASS   CODE           
                end_init                             D3       D3        2         0
                cinit                                D5       D5       19         0
                intentry                              4        4       CF         0
                reset_vec                             0        0        2         0
                text17                              50C      50C       20         0
                text15                              578      578        4         0
                text14                              572      572        6         0
                text13                              54B      54B        9         0
                text12                              52C      52C       13         0
                text11                              53F      53F        C         0
                text10                              57E      57E        2         0
                text9                               492      492       2C         0
                text8                               4E5      4E5       27         0
                text7                               3EA      3EA       3D         0
                text6                               427      427       3C         0
                text5                               463      463       2F         0
                text4                               380      380       6A         0
                text3                               2F2      2F2       8E         0
                text2                               564      564        8         0
                text1                               55C      55C        8         0
                maintext                            4BE      4BE       27         0
                clrtext                             56C      56C        6         0
                idataBANK0                          57C      57C        2         0

        CLASS   STRCODE        
                stringtext12                        588      588        1         0
                stringtext11                        587      587        1         0
                stringtext10                        586      586        1         0
                stringtext9                         585      585        1         0
                stringtext8                         584      584        1         0
                stringtext7                         583      583        1         0
                stringtext6                         582      582        1         0
                stringtext5                         581      581        1         0
                stringtext4                         580      580        1         0
                stringtext3                         554      554        8         0
                stringtext2                         1F0      1F0      102         0
                stringtext1                          EE       EE      102         0

        CLASS   STRING         

        CLASS   CONST          

        CLASS   ENTRY          

        CLASS   COMMON         
                cstackCOMMON                         76       76        6         1
                bssCOMMON                            70       70        6         1

        CLASS   BANK0          
                cstackBANK0                          42       42       10         1
                dataBANK0                            52       52        2         1
                bssBANK0                             20       20       22         1

        CLASS   BANK1          

        CLASS   BANK2          

        CLASS   BIGRAM         

        CLASS   RAM            

        CLASS   ABS1           
                abs_s1                               7E       7E        2         1

        CLASS   SFR0           

        CLASS   SFR1           

        CLASS   SFR2           

        CLASS   SFR3           

        CLASS   SFR4           

        CLASS   SFR5           

        CLASS   SFR6           

        CLASS   SFR7           

        CLASS   SFR8           

        CLASS   SFR9           

        CLASS   SFR10          

        CLASS   SFR11          

        CLASS   SFR12          

        CLASS   SFR13          

        CLASS   SFR14          

        CLASS   SFR15          

        CLASS   SFR16          

        CLASS   SFR17          

        CLASS   SFR18          

        CLASS   SFR19          

        CLASS   SFR20          

        CLASS   SFR21          

        CLASS   SFR22          

        CLASS   SFR23          

        CLASS   SFR24          

        CLASS   SFR25          

        CLASS   SFR26          

        CLASS   SFR27          

        CLASS   SFR28          

        CLASS   SFR29          

        CLASS   SFR30          

        CLASS   SFR31          

        CLASS   CONFIG         
                config                             8007     8007        2         4

        CLASS   IDLOC          

        CLASS   EEDATA         

        CLASS   BANK31         

        CLASS   BANK30         

        CLASS   BANK29         

        CLASS   BANK28         

        CLASS   BANK27         

        CLASS   BANK26         

        CLASS   BANK25         

        CLASS   BANK24         

        CLASS   BANK23         

        CLASS   BANK22         

        CLASS   BANK21         

        CLASS   BANK20         

        CLASS   BANK19         

        CLASS   BANK18         

        CLASS   BANK17         

        CLASS   BANK16         

        CLASS   BANK15         

        CLASS   BANK14         

        CLASS   BANK13         

        CLASS   BANK12         

        CLASS   BANK11         

        CLASS   BANK10         

        CLASS   BANK9          

        CLASS   BANK8          

        CLASS   BANK7          

        CLASS   BANK6          

        CLASS   BANK5          

        CLASS   BANK4          

        CLASS   BANK3          

        CLASS   HEAP           

        CLASS   STACK          



SEGMENTS        Name                           Load    Length   Top    Selector   Space  Class     Delta

                reset_vec                      000000  000002  000002         0       0  CODE        2
                text3                          0002F2  000262  000554       5E4       0  CODE        2
                stringtext1                    0000EE  000204  0002F2       1DC       0  STRCODE     2
                text1                          00055C  000024  000580       AB8       0  CODE        2
                stringtext4                    000580  000009  000589       B00       0  STRCODE     2
                stringtext3                    000554  000008  00055C       AA8       0  STRCODE     2
                bssBANK0                       000020  000034  000054        20       1  BANK0       1
                bssCOMMON                      000070  00000C  00007C        70       1  COMMON      1
                intentry                       000004  0000EA  0000EE         8       0  CODE        2


UNUSED ADDRESS RANGES

        Name                Unused          Largest block    Delta
        BANK0            00054-0006F              1C           1
        BANK1            000A0-000EF              50           1
        BANK2            00120-0016F              50           1
        BIGRAM           02000-020EF              F0           1
        CODE             00002-00003               2           2
                         00589-00FFF             277
        COMMON           0007C-0007D               2           1
        CONST            00002-00003               2           2
                         00589-00FFF             100
        EEDATA           0F000-0F0FF             100           2
        ENTRY            00002-00003               2           2
                         00589-00FFF             100
        IDLOC            08000-08003               4           2
        RAM              00054-0006F              1C           1
                         000A0-000EF              50
                         00120-0016F              50
        SFR0             00000-0001F              20           1
        SFR1             00080-0009F              20           1
        SFR10            00500-0056F              70           1
        SFR11            00580-005EF              70           1
        SFR12            00600-0066F              70           1
        SFR13            00680-006EF              70           1
        SFR14            00700-0076F              70           1
        SFR15            00780-007EF              70           1
        SFR16            00800-0086F              70           1
        SFR17            00880-008EF              70           1
        SFR18            00900-0096F              70           1
        SFR19            00980-009EF              70           1
        SFR2             00100-0011F              20           1
        SFR20            00A00-00A6F              70           1
        SFR21            00A80-00AEF              70           1
        SFR22            00B00-00B6F              70           1
        SFR23            00B80-00BEF              70           1
        SFR24            00C00-00C6F              70           1
        SFR25            00C80-00CEF              70           1
        SFR26            00D00-00D6F              70           1
        SFR27            00D80-00DEF              70           1
        SFR28            00E00-00E6F              70           1
        SFR29            00E80-00EEF              70           1
        SFR3             00180-001EF              70           1
        SFR30            00F00-00F6F              70           1
        SFR31            00F80-00FEF              70           1
        SFR4             00200-0026F              70           1
        SFR5             00280-002EF              70           1
        SFR6             00300-0036F              70           1
        SFR7             00380-003EF              70           1
        SFR8             00400-0046F              70           1
        SFR9             00480-004EF              70           1
        STRCODE          00002-00003               2           2
                         00589-00FFF             A77
        STRING           00002-00003               2           2
                         00589-00FFF             100

                                  Symbol Table

?_DO_ADC                                          cstackBANK0  00042
?___lmul                                          cstackBANK0  00042
DETERMINE_WAVESHAPE@ADC                           cstackBANK0  00048
DO_ADC@adc_result                                 cstackBANK0  00045
DO_ADC@modifier                                   cstackBANK0  00042
DO_ADC@temp                                       cstackBANK0  00047
PROCESS_TMR0_OFFSET_AND_PRESCALER_ADJUST@y        cstackBANK0  00047
PROCESS_TMR0_OFFSET_AND_PRESCALER_ADJUST@y_121    cstackBANK0  00048
SET_DUTY_CCP3@duty_ptr                            cstackCOMMON 00079
SET_DUTY_CCP3@temp                                cstackCOMMON 00078
TMR0_WRITE@timer_value_ptr                        cstackBANK0  00042
_ADCON0                                           (abs)        0009D
_ADCON1                                           (abs)        0009E
_ADON                                             (abs)        004E8
_ADRESH                                           (abs)        0009C
_ADRESL                                           (abs)        0009B
_ANSELC                                           (abs)        0018E
_C1ON                                             (abs)        0088F
_CCP3CON                                          (abs)        00313
_CCPR3L                                           (abs)        00311
_CCPTMRS0                                         (abs)        0029E
_CONFIG_ADC_PINS                                  text15       00578
_CONFIG_INT_OSC                                   text14       00572
_CONFIG_PORTS                                     text13       0054B
_CONFIG_PWM_CCP3                                  text12       0052C
_CONFIG_SYSTEM                                    text11       0053F
_CONFIG_TMR0_INTERRUPT                            text10       0057E
_DETERMINE_WAVESHAPE                              text8        004E5
_DO_ADC                                           text9        00492
_GET_CURRENT_POT_VALUES                           text7        003EA
_GIE                                              (abs)        0005F
_GO_nDONE                                         (abs)        004E9
_INTERRUPT_InterruptManager                       intentry     00004
_LATC5                                            (abs)        00875
_OPTION_REG                                       (abs)        00095
_OSCCON                                           (abs)        00099
_OSCTUNE                                          (abs)        00098
_PR2                                              (abs)        0001B
_PROCESS_FINAL_SPEED_AND_PRESCALER                text6        00427
_PROCESS_RAW_SPEED_AND_PRESCALER                  text4        00380
_PROCESS_TMR0_OFFSET_AND_PRESCALER_ADJUST         text3        002F2
_SET_DUTY_CCP3                                    text17       0050C
_SRLEN                                            (abs)        008D7
_T2CON                                            (abs)        0001C
_TMR0                                             (abs)        00015
_TMR0IE                                           (abs)        0005D
_TMR0IF                                           (abs)        0005A
_TMR0_WRITE                                       text2        00564
_TMR0_offset                                      bssBANK0     0003B
_TMR0_offset_sign                                 bssCOMMON    00072
_TMR2IF                                           (abs)        00089
_TMR2ON                                           (abs)        000E2
_TRISA2                                           (abs)        00462
_TRISC                                            (abs)        0008E
_TURN_ON_CCP3_PWM                                 text1        0055C
_WPUC                                             (abs)        0020E
__H__absolute__                                   __absolute__ 00000
__Habs1                                           abs1         00000
__Hbank0                                          bank0        00000
__Hbank1                                          bank1        00000
__Hbank10                                         bank10       00000
__Hbank11                                         bank11       00000
__Hbank12                                         bank12       00000
__Hbank13                                         bank13       00000
__Hbank14                                         bank14       00000
__Hbank15                                         bank15       00000
__Hbank16                                         bank16       00000
__Hbank17                                         bank17       00000
__Hbank18                                         bank18       00000
__Hbank19                                         bank19       00000
__Hbank2                                          bank2        00000
__Hbank20                                         bank20       00000
__Hbank21                                         bank21       00000
__Hbank22                                         bank22       00000
__Hbank23                                         bank23       00000
__Hbank24                                         bank24       00000
__Hbank25                                         bank25       00000
__Hbank26                                         bank26       00000
__Hbank27                                         bank27       00000
__Hbank28                                         bank28       00000
__Hbank29                                         bank29       00000
__Hbank3                                          bank3        00000
__Hbank30                                         bank30       00000
__Hbank31                                         bank31       00000
__Hbank4                                          bank4        00000
__Hbank5                                          bank5        00000
__Hbank6                                          bank6        00000
__Hbank7                                          bank7        00000
__Hbank8                                          bank8        00000
__Hbank9                                          bank9        00000
__Hbigram                                         bigram       00000
__HbssBANK0                                       bssBANK0     00000
__HbssCOMMON                                      bssCOMMON    00000
__Hcinit                                          cinit        000EE
__Hclrtext                                        clrtext      00000
__Hcode                                           code         00000
__Hcommon                                         common       00000
__Hconfig                                         config       08009
__HcstackBANK0                                    cstackBANK0  00000
__HcstackCOMMON                                   cstackCOMMON 00000
__HdataBANK0                                      dataBANK0    00000
__Heeprom_data                                    eeprom_data  00000
__Hend_init                                       end_init     000D5
__Hfunctab                                        functab      00000
__Hheap                                           heap         00000
__HidataBANK0                                     idataBANK0   00000
__Hinit                                           init         000D3
__Hintentry                                       intentry     000D3
__Hmaintext                                       maintext     00000
__Hpowerup                                        powerup      00000
__Hram                                            ram          00000
__Hreset_vec                                      reset_vec    00002
__Hsfr0                                           sfr0         00000
__Hsfr1                                           sfr1         00000
__Hsfr10                                          sfr10        00000
__Hsfr11                                          sfr11        00000
__Hsfr12                                          sfr12        00000
__Hsfr13                                          sfr13        00000
__Hsfr14                                          sfr14        00000
__Hsfr15                                          sfr15        00000
__Hsfr16                                          sfr16        00000
__Hsfr17                                          sfr17        00000
__Hsfr18                                          sfr18        00000
__Hsfr19                                          sfr19        00000
__Hsfr2                                           sfr2         00000
__Hsfr20                                          sfr20        00000
__Hsfr21                                          sfr21        00000
__Hsfr22                                          sfr22        00000
__Hsfr23                                          sfr23        00000
__Hsfr24                                          sfr24        00000
__Hsfr25                                          sfr25        00000
__Hsfr26                                          sfr26        00000
__Hsfr27                                          sfr27        00000
__Hsfr28                                          sfr28        00000
__Hsfr29                                          sfr29        00000
__Hsfr3                                           sfr3         00000
__Hsfr30                                          sfr30        00000
__Hsfr31                                          sfr31        00000
__Hsfr4                                           sfr4         00000
__Hsfr5                                           sfr5         00000
__Hsfr6                                           sfr6         00000
__Hsfr7                                           sfr7         00000
__Hsfr8                                           sfr8         00000
__Hsfr9                                           sfr9         00000
__Hspace_0                                        (abs)        00589
__Hspace_1                                        (abs)        0007C
__Hspace_2                                        (abs)        00000
__Hspace_3                                        (abs)        00000
__Hspace_4                                        (abs)        10010
__Hstack                                          stack        00000
__Hstrings                                        strings      00000
__Hstringtext1                                    stringtext1  00000
__Hstringtext10                                   stringtext10 00000
__Hstringtext11                                   stringtext11 00000
__Hstringtext12                                   stringtext12 00000
__Hstringtext2                                    stringtext2  00000
__Hstringtext3                                    stringtext3  00000
__Hstringtext4                                    stringtext4  00000
__Hstringtext5                                    stringtext5  00000
__Hstringtext6                                    stringtext6  00000
__Hstringtext7                                    stringtext7  00000
__Hstringtext8                                    stringtext8  00000
__Hstringtext9                                    stringtext9  00000
__Htext                                           text         00000
__L__absolute__                                   __absolute__ 00000
__Labs1                                           abs1         00000
__Lbank0                                          bank0        00000
__Lbank1                                          bank1        00000
__Lbank10                                         bank10       00000
__Lbank11                                         bank11       00000
__Lbank12                                         bank12       00000
__Lbank13                                         bank13       00000
__Lbank14                                         bank14       00000
__Lbank15                                         bank15       00000
__Lbank16                                         bank16       00000
__Lbank17                                         bank17       00000
__Lbank18                                         bank18       00000
__Lbank19                                         bank19       00000
__Lbank2                                          bank2        00000
__Lbank20                                         bank20       00000
__Lbank21                                         bank21       00000
__Lbank22                                         bank22       00000
__Lbank23                                         bank23       00000
__Lbank24                                         bank24       00000
__Lbank25                                         bank25       00000
__Lbank26                                         bank26       00000
__Lbank27                                         bank27       00000
__Lbank28                                         bank28       00000
__Lbank29                                         bank29       00000
__Lbank3                                          bank3        00000
__Lbank30                                         bank30       00000
__Lbank31                                         bank31       00000
__Lbank4                                          bank4        00000
__Lbank5                                          bank5        00000
__Lbank6                                          bank6        00000
__Lbank7                                          bank7        00000
__Lbank8                                          bank8        00000
__Lbank9                                          bank9        00000
__Lbigram                                         bigram       00000
__LbssBANK0                                       bssBANK0     00000
__LbssCOMMON                                      bssCOMMON    00000
__Lcinit                                          cinit        000D5
__Lclrtext                                        clrtext      00000
__Lcode                                           code         00000
__Lcommon                                         common       00000
__Lconfig                                         config       00000
__LcstackBANK0                                    cstackBANK0  00000
__LcstackCOMMON                                   cstackCOMMON 00000
__LdataBANK0                                      dataBANK0    00000
__Leeprom_data                                    eeprom_data  00000
__Lend_init                                       end_init     000D3
__Lfunctab                                        functab      00000
__Lheap                                           heap         00000
__LidataBANK0                                     idataBANK0   00000
__Linit                                           init         000D3
__Lintentry                                       intentry     00004
__Lmaintext                                       maintext     00000
__Lpowerup                                        powerup      00000
__Lram                                            ram          00000
__Lreset_vec                                      reset_vec    00000
__Lsfr0                                           sfr0         00000
__Lsfr1                                           sfr1         00000
__Lsfr10                                          sfr10        00000
__Lsfr11                                          sfr11        00000
__Lsfr12                                          sfr12        00000
__Lsfr13                                          sfr13        00000
__Lsfr14                                          sfr14        00000
__Lsfr15                                          sfr15        00000
__Lsfr16                                          sfr16        00000
__Lsfr17                                          sfr17        00000
__Lsfr18                                          sfr18        00000
__Lsfr19                                          sfr19        00000
__Lsfr2                                           sfr2         00000
__Lsfr20                                          sfr20        00000
__Lsfr21                                          sfr21        00000
__Lsfr22                                          sfr22        00000
__Lsfr23                                          sfr23        00000
__Lsfr24                                          sfr24        00000
__Lsfr25                                          sfr25        00000
__Lsfr26                                          sfr26        00000
__Lsfr27                                          sfr27        00000
__Lsfr28                                          sfr28        00000
__Lsfr29                                          sfr29        00000
__Lsfr3                                           sfr3         00000
__Lsfr30                                          sfr30        00000
__Lsfr31                                          sfr31        00000
__Lsfr4                                           sfr4         00000
__Lsfr5                                           sfr5         00000
__Lsfr6                                           sfr6         00000
__Lsfr7                                           sfr7         00000
__Lsfr8                                           sfr8         00000
__Lsfr9                                           sfr9         00000
__Lspace_0                                        (abs)        00000
__Lspace_1                                        (abs)        00000
__Lspace_2                                        (abs)        00000
__Lspace_3                                        (abs)        00000
__Lspace_4                                        (abs)        00000
__Lstack                                          stack        00000
__Lstrings                                        strings      00000
__Lstringtext1                                    stringtext1  00000
__Lstringtext10                                   stringtext10 00000
__Lstringtext11                                   stringtext11 00000
__Lstringtext12                                   stringtext12 00000
__Lstringtext2                                    stringtext2  00000
__Lstringtext3                                    stringtext3  00000
__Lstringtext4                                    stringtext4  00000
__Lstringtext5                                    stringtext5  00000
__Lstringtext6                                    stringtext6  00000
__Lstringtext7                                    stringtext7  00000
__Lstringtext8                                    stringtext8  00000
__Lstringtext9                                    stringtext9  00000
__Ltext                                           text         00000
__S0                                              (abs)        00589
__S1                                              (abs)        0007C
__S3                                              (abs)        00000
___heap_hi                                        (abs)        00000
___heap_lo                                        (abs)        00000
___int_sp                                         stack        00000
___int_stack_hi                                   stack        00000
___int_stack_lo                                   stack        00000
___latbits                                        (abs)        00001
___lmul                                           text5        00463
___lmul@multiplicand                              cstackBANK0  00046
___lmul@multiplier                                cstackBANK0  00042
___lmul@product                                   cstackBANK0  0004A
___sp                                             stack        00000
___stack_hi                                       stack        00000
___stack_lo                                       stack        00000
___stackhi                                        (abs)        00000
___stacklo                                        (abs)        00000
__end_of_CONFIG_ADC_PINS                          text15       0057C
__end_of_CONFIG_INT_OSC                           text14       00578
__end_of_CONFIG_PORTS                             text13       00554
__end_of_CONFIG_PWM_CCP3                          text12       0053F
__end_of_CONFIG_SYSTEM                            text11       0054B
__end_of_CONFIG_TMR0_INTERRUPT                    text10       00580
__end_of_DETERMINE_WAVESHAPE                      text8        0050C
__end_of_DIVIDE_BY_TWO                            stringtext5  00582
__end_of_DO_ADC                                   text9        004BE
__end_of_DO_NOTHING                               stringtext6  00583
__end_of_GET_CURRENT_POT_VALUES                   text7        00427
__end_of_INTERRUPT_InterruptManager               intentry     000D3
__end_of_MULTIPLY_BY_TWO                          stringtext4  00581
__end_of_NEGATIVE                                 stringtext7  00584
__end_of_POSITIVE                                 stringtext8  00585
__end_of_PROCESS_FINAL_SPEED_AND_PRESCALER        text6        00463
__end_of_PROCESS_RAW_SPEED_AND_PRESCALER          text4        003EA
__end_of_PROCESS_TMR0_OFFSET_AND_PRESCALER_ADJUST text3        00380
__end_of_SET_DUTY_CCP3                            text17       0052C
__end_of_TMR0_WRITE                               text2        0056C
__end_of_TURN_ON_CCP3_PWM                         text1        00564
__end_of___lmul                                   text5        00492
__end_of__initialization                          cinit        000EA
__end_of_depth_adc_config_value                   stringtext10 00587
__end_of_main                                     maintext     004E5
__end_of_prescaler_bits                           stringtext3  0055C
__end_of_sine_table_one_quadrant                  stringtext2  002F2
__end_of_speed_adc_config_value                   stringtext11 00588
__end_of_symmetry_adc_config_value                stringtext9  00586
__end_of_tri_table_one_quadrant                   stringtext1  001F0
__end_of_waveshape_adc_config_value               stringtext12 00589
__initialization                                  cinit        000D5
__pbssBANK0                                       bssBANK0     00020
__pbssCOMMON                                      bssCOMMON    00070
__pcstackBANK0                                    cstackBANK0  00042
__pcstackCOMMON                                   cstackCOMMON 00076
__pdataBANK0                                      dataBANK0    00052
__pidataBANK0                                     idataBANK0   0057C
__pintentry                                       intentry     00004
__pmaintext                                       maintext     004BE
__pstringtext1                                    stringtext1  000EE
__pstringtext10                                   stringtext10 00586
__pstringtext11                                   stringtext11 00587
__pstringtext12                                   stringtext12 00588
__pstringtext2                                    stringtext2  001F0
__pstringtext3                                    stringtext3  00554
__pstringtext4                                    stringtext4  00580
__pstringtext5                                    stringtext5  00581
__pstringtext6                                    stringtext6  00582
__pstringtext7                                    stringtext7  00583
__pstringtext8                                    stringtext8  00584
__pstringtext9                                    stringtext9  00585
__ptext1                                          text1        0055C
__ptext10                                         text10       0057E
__ptext11                                         text11       0053F
__ptext12                                         text12       0052C
__ptext13                                         text13       0054B
__ptext14                                         text14       00572
__ptext15                                         text15       00578
__ptext17                                         text17       0050C
__ptext2                                          text2        00564
__ptext3                                          text3        002F2
__ptext4                                          text4        00380
__ptext5                                          text5        00463
__ptext6                                          text6        00427
__ptext7                                          text7        003EA
__ptext8                                          text8        004E5
__ptext9                                          text9        00492
_base_prescaler_bits_index                        bssBANK0     0003A
_current_depth                                    bssBANK0     0002E
_current_halfcycle                                bssCOMMON    00073
_current_one_quadrant_index                       bssCOMMON    00074
_current_quadrant                                 bssBANK0     0003C
_current_speed_linear                             bssBANK0     00032
_current_speed_linear_32                          bssBANK0     00024
_current_speed_log                                bssBANK0     00030
_current_speed_log_32                             bssBANK0     00020
_current_symmetry                                 bssBANK0     0002C
_current_waveshape                                bssCOMMON    00075
_depth_adc_config_value                           stringtext10 00586
_duty                                             bssBANK0     0003F
_duty_high_byte                                   bssBANK0     0003D
_duty_low_byte                                    bssBANK0     0003E
_final_TMR0                                       bssBANK0     00041
_how_many_128                                     bssBANK0     00034
_main                                             maintext     004BE
_prescaler_adjust                                 bssCOMMON    00071
_prescaler_bits                                   stringtext3  00554
_raw_TMR0                                         bssCOMMON    00070
_sine_table_one_quadrant                          stringtext2  001F0
_speed_adc_config_value                           stringtext11 00587
_speed_control                                    bssBANK0     00038
_speed_control_32                                 bssBANK0     00028
_speed_control_subtracted                         bssBANK0     00036
_symmetry_adc_config_value                        stringtext9  00585
_top_two_bytes_ptr                                dataBANK0    00052
_tri_table_one_quadrant                           stringtext1  000EE
_waveshape_adc_config_value                       stringtext12 00588
btemp                                             (abs)        0007E
clear_ram0                                        clrtext      0056C
end_of_initialization                             cinit        000EA
int$flags                                         (abs)        0007E
intlevel0                                         functab      00000
intlevel1                                         functab      00000
intlevel2                                         functab      00000
intlevel3                                         functab      00000
intlevel4                                         functab      00000
intlevel5                                         functab      00000
reset_vec                                         reset_vec    00000
start                                             init         000D3
start_initialization                              cinit        000D5
wtemp0                                            (abs)        0007E


MODULE INFORMATION

Module		Function		Class		Link	Load	Size
/Applications/microchip/xc8/v2.45/pic/sources/c99/common/Umul32.c
		___lmul        		CODE           	0463	0000	47

/Applications/microchip/xc8/v2.45/pic/sources/c99/common/Umul32.c estimated size: 47

shared
		_MULTIPLY_BY_TWO		STRCODE        	0000	0000	0
		_waveshape_adc_config_value		STRCODE        	0588	0000	1
		_POSITIVE      		STRCODE        	0000	0000	0
		_DIVIDE_BY_TWO 		STRCODE        	0000	0000	0
		_DO_NOTHING    		STRCODE        	0000	0000	0
		_speed_adc_config_value		STRCODE        	0587	0000	1
		_depth_adc_config_value		STRCODE        	0586	0000	1
		__initialization		CODE           	00D5	0000	21
		_tri_table_one_quadrant		STRCODE        	00EE	0000	258
		_symmetry_adc_config_value		STRCODE        	0585	0000	1
		_NEGATIVE      		STRCODE        	0000	0000	0
		_sine_table_one_quadrant		STRCODE        	01F0	0000	258
		_prescaler_bits		STRCODE        	0554	0000	8

shared estimated size: 549

main.c
		_SET_DUTY_CCP3 		CODE           	050C	0000	32
		_TURN_ON_CCP3_PWM		CODE           	055C	0000	8
		_PROCESS_RAW_SPEED_AND_PRESCALER		CODE           	0380	0000	106
		_CONFIG_PORTS  		CODE           	054B	0000	9
		_CONFIG_SYSTEM 		CODE           	053F	0000	12
		_main          		CODE           	04BE	0000	39
		_CONFIG_INT_OSC		CODE           	0572	0000	6
		_PROCESS_TMR0_OFFSET_AND_PRESCALER_ADJUST		CODE           	02F2	0000	142
		_CONFIG_PWM_CCP3		CODE           	052C	0000	19
		_GET_CURRENT_POT_VALUES		CODE           	03EA	0000	61
		_INTERRUPT_InterruptManager		CODE           	0004	0000	207
		_CONFIG_TMR0_INTERRUPT		CODE           	057E	0000	2
		_CONFIG_ADC_PINS		CODE           	0578	0000	4
		_DETERMINE_WAVESHAPE		CODE           	04E5	0000	39
		_DO_ADC        		CODE           	0492	0000	44
		_TMR0_WRITE    		CODE           	0564	0000	8
		_PROCESS_FINAL_SPEED_AND_PRESCALER		CODE           	0427	0000	60

main.c estimated size: 798

