Microchip MPLAB XC8 Compiler V2.45

Linker command line:

-W-3 --edf=/Applications/microchip/xc8/v2.45/pic/dat/20230818022343_en.msgs \
  -cn -h+dist/Config_2/debug/Modulation_Index_2023_PIC16F1824.X.debug.sym \
  --cmf=dist/Config_2/debug/Modulation_Index_2023_PIC16F1824.X.debug.cmf -z \
  -Q16F1824 -o/tmp/xcf8PvwLf/driver_tmp_3.o --defsym=__MPLAB_BUILD=1 \
  --fixupoverflow=error \
  -Mdist/Config_2/debug/Modulation_Index_2023_PIC16F1824.X.debug.map \
  --md=/tmp/xcf8PvwLf/driver_tmp_0.dat -E1 -ver=XC8 Compiler --acfsm=1493 \
  -ACODE=00h-07FFhx2 -ASTRCODE=00h-0FFFh -ASTRING=00h-0FFhx16 \
  -ACONST=00h-0FFhx16 -AENTRY=00h-0FFhx16 -ACOMMON=070h-07Fh \
  -ABANK0=020h-06Fh -ABANK1=0A0h-0EFh -ABANK2=0120h-015Fh \
  -ABIGRAM=02000h-020DFh -ARAM=020h-06Fh,0A0h-0EFh,0120h-015Fh \
  -AABS1=020h-07Fh,0A0h-0EFh,0120h-016Fh -ASFR0=00h-01Fh -ASFR1=080h-09Fh \
  -ASFR2=0100h-011Fh -ASFR3=0180h-01EFh -ASFR4=0200h-026Fh \
  -ASFR5=0280h-02EFh -ASFR6=0300h-036Fh -ASFR7=0380h-03EFh \
  -ASFR8=0400h-046Fh -ASFR9=0480h-04EFh -ASFR10=0500h-056Fh \
  -ASFR11=0580h-05EFh -ASFR12=0600h-066Fh -ASFR13=0680h-06EFh \
  -ASFR14=0700h-076Fh -ASFR15=0780h-07EFh -ASFR16=0800h-086Fh \
  -ASFR17=0880h-08EFh -ASFR18=0900h-096Fh -ASFR19=0980h-09EFh \
  -ASFR20=0A00h-0A6Fh -ASFR21=0A80h-0AEFh -ASFR22=0B00h-0B6Fh \
  -ASFR23=0B80h-0BEFh -ASFR24=0C00h-0C6Fh -ASFR25=0C80h-0CEFh \
  -ASFR26=0D00h-0D6Fh -ASFR27=0D80h-0DEFh -ASFR28=0E00h-0E6Fh \
  -ASFR29=0E80h-0EEFh -ASFR30=0F00h-0F6Fh -ASFR31=0F80h-0FEFh \
  -ACONFIG=08007h-08008h -DCONFIG=2 -AIDLOC=08000h-08003h -DIDLOC=2 \
  -AEEDATA=00h-0FFh/0F000h -peeprom_data=EEDATA -DEEDATA=2 -DCODE=2 \
  -DSTRCODE=2 -DSTRING=2 -DCONST=2 -DENTRY=2 \
  -preset_vec=00h,intentry,init,end_init -ppowerup=CODE -pcinit=CODE \
  -pfunctab=ENTRY -k /tmp/xcf8PvwLf/driver_tmp_15.o \
  dist/Config_2/debug/Modulation_Index_2023_PIC16F1824.X.debug.o 

Object code version is 3.11

Machine type is 16F1824



                Name                               Link     Load   Length Selector   Space Scale
/tmp/xcf8PvwLf/driver_tmp_15.o
                end_init                              3        3        2        0       0
                reset_vec                             0        0        3        0       0
                config                             8007     8007        2        0       4
dist/Config_2/debug/Modulation_Index_2023_PIC16F1824.X.debug.o
                cinit                               7F9      7F9        7      FF2       0
                config                             8007     8007        2        0       4
                text7                               551      551        4      AA2       0
                text6                               555      555        4      AAA       0
                text5                               559      559        C      AB2       0
                text4                               565      565       13      ACA       0
                text3                               592      592       1C      B24       0
                text2                               578      578       1A      AF0       0
                text1                               5AE      5AE       23      B5C       0
                maintext                            5D1      5D1       28      BA2       0
                cstackCOMMON                         70       70        7       70       1
                bssCOMMON                            77       77        4       70       1
                nvBANK0                              20       20        2       20       1
                nvCOMMON                             7B       7B        3       70       1
                stringtext4                         54E      54E        3      A9C       0
                stringtext3                         5F9      5F9      100      BF2       0
                stringtext2                         6F9      6F9      100      DF2       0
                stringtext1                         800      800      800     1000       0

TOTAL           Name                               Link     Load   Length     Space
        CLASS   CODE           
                end_init                              3        3        2         0
                cinit                               7F9      7F9        7         0
                reset_vec                             0        0        3         0
                text7                               551      551        4         0
                text6                               555      555        4         0
                text5                               559      559        C         0
                text4                               565      565       13         0
                text3                               592      592       1C         0
                text2                               578      578       1A         0
                text1                               5AE      5AE       23         0
                maintext                            5D1      5D1       28         0

        CLASS   STRCODE        
                stringtext4                         54E      54E        3         0
                stringtext3                         5F9      5F9      100         0
                stringtext2                         6F9      6F9      100         0
                stringtext1                         800      800      800         0

        CLASS   STRING         

        CLASS   CONST          

        CLASS   ENTRY          

        CLASS   COMMON         
                cstackCOMMON                         70       70        7         1
                bssCOMMON                            77       77        4         1
                nvCOMMON                             7B       7B        3         1

        CLASS   BANK0          
                nvBANK0                              20       20        2         1

        CLASS   BANK1          

        CLASS   BANK2          

        CLASS   BIGRAM         

        CLASS   RAM            

        CLASS   ABS1           
                abs_s1                               7E       7E        2         1

        CLASS   SFR0           

        CLASS   SFR1           

        CLASS   SFR2           

        CLASS   SFR3           

        CLASS   SFR4           

        CLASS   SFR5           

        CLASS   SFR6           

        CLASS   SFR7           

        CLASS   SFR8           

        CLASS   SFR9           

        CLASS   SFR10          

        CLASS   SFR11          

        CLASS   SFR12          

        CLASS   SFR13          

        CLASS   SFR14          

        CLASS   SFR15          

        CLASS   SFR16          

        CLASS   SFR17          

        CLASS   SFR18          

        CLASS   SFR19          

        CLASS   SFR20          

        CLASS   SFR21          

        CLASS   SFR22          

        CLASS   SFR23          

        CLASS   SFR24          

        CLASS   SFR25          

        CLASS   SFR26          

        CLASS   SFR27          

        CLASS   SFR28          

        CLASS   SFR29          

        CLASS   SFR30          

        CLASS   SFR31          

        CLASS   CONFIG         
                config                             8007     8007        2         4

        CLASS   IDLOC          

        CLASS   EEDATA         

        CLASS   BANK31         

        CLASS   BANK30         

        CLASS   BANK29         

        CLASS   BANK28         

        CLASS   BANK27         

        CLASS   BANK26         

        CLASS   BANK25         

        CLASS   BANK24         

        CLASS   BANK23         

        CLASS   BANK22         

        CLASS   BANK21         

        CLASS   BANK20         

        CLASS   BANK19         

        CLASS   BANK18         

        CLASS   BANK17         

        CLASS   BANK16         

        CLASS   BANK15         

        CLASS   BANK14         

        CLASS   BANK13         

        CLASS   BANK12         

        CLASS   BANK11         

        CLASS   BANK10         

        CLASS   BANK9          

        CLASS   BANK8          

        CLASS   BANK7          

        CLASS   BANK6          

        CLASS   BANK5          

        CLASS   BANK4          

        CLASS   BANK3          

        CLASS   HEAP           

        CLASS   STACK          



SEGMENTS        Name                           Load    Length   Top    Selector   Space  Class     Delta

                text2                          000578  00001A  000592       AF0       0  CODE        2
                text4                          000565  000013  000578       ACA       0  CODE        2
                text5                          000559  00000C  000565       AB2       0  CODE        2
                maintext                       0005D1  000028  0005F9       BA2       0  CODE        2
                text1                          0005AE  000023  0005D1       B5C       0  CODE        2
                text3                          000592  00001C  0005AE       B24       0  CODE        2
                stringtext2                    0006F9  000100  0007F9       DF2       0  STRCODE     2
                reset_vec                      000000  000005  000005         0       0  CODE        2
                stringtext1                    000800  000800  001000      1000       0  STRCODE     2
                stringtext3                    0005F9  000100  0006F9       BF2       0  STRCODE     2
                stringtext4                    00054E  000003  000551       A9C       0  STRCODE     2
                text7                          000551  000004  000555       AA2       0  CODE        2
                text6                          000555  000004  000559       AAA       0  CODE        2
                nvBANK0                        000020  000002  000022        20       1  BANK0       1
                cstackCOMMON                   000070  00000E  00007E        70       1  COMMON      1
                cinit                          0007F9  000007  000800       FF2       0  CODE        2


UNUSED ADDRESS RANGES

        Name                Unused          Largest block    Delta
        BANK0            00022-0006F              4E           1
        BANK1            000A0-000EF              50           1
        BANK2            00120-0015F              40           1
        BIGRAM           02000-020DF              E0           1
        CODE             00005-0054D             549           2
        CONST            00005-0054D             100           2
        EEDATA           0F000-0F0FF             100           2
        ENTRY            00005-0054D             100           2
        IDLOC            08000-08003               4           2
        RAM              00022-0006F              4E           1
                         000A0-000EF              50
                         00120-0015F              40
        SFR0             00000-0001F              20           1
        SFR1             00080-0009F              20           1
        SFR10            00500-0056F              70           1
        SFR11            00580-005EF              70           1
        SFR12            00600-0066F              70           1
        SFR13            00680-006EF              70           1
        SFR14            00700-0076F              70           1
        SFR15            00780-007EF              70           1
        SFR16            00800-0086F              70           1
        SFR17            00880-008EF              70           1
        SFR18            00900-0096F              70           1
        SFR19            00980-009EF              70           1
        SFR2             00100-0011F              20           1
        SFR20            00A00-00A6F              70           1
        SFR21            00A80-00AEF              70           1
        SFR22            00B00-00B6F              70           1
        SFR23            00B80-00BEF              70           1
        SFR24            00C00-00C6F              70           1
        SFR25            00C80-00CEF              70           1
        SFR26            00D00-00D6F              70           1
        SFR27            00D80-00DEF              70           1
        SFR28            00E00-00E6F              70           1
        SFR29            00E80-00EEF              70           1
        SFR3             00180-001EF              70           1
        SFR30            00F00-00F6F              70           1
        SFR31            00F80-00FEF              70           1
        SFR4             00200-0026F              70           1
        SFR5             00280-002EF              70           1
        SFR6             00300-0036F              70           1
        SFR7             00380-003EF              70           1
        SFR8             00400-0046F              70           1
        SFR9             00480-004EF              70           1
        STRCODE          00005-0054D             549           2
        STRING           00005-0054D             100           2

                                  Symbol Table

?_DO_ADC                          cstackCOMMON 00070
CONVERT_SPEED_TO_LOG@linear_speed cstackCOMMON 00075
CONVERT_SPEED_TO_LOG@log_speed    cstackCOMMON 00070
DETERMINE_WAVESHAPE@ADC           cstackCOMMON 00075
DO_ADC@adc_result                 cstackCOMMON 00072
DO_ADC@modifier                   cstackCOMMON 00074
_A2D_lookup                       stringtext4  0054E
_ADCON0                           (abs)        0009D
_ADCON1                           (abs)        0009E
_ADON                             (abs)        004E8
_ADRESH                           (abs)        0009C
_ADRESL                           (abs)        0009B
_ANSELC                           (abs)        0018E
_C1ON                             (abs)        0088F
_CCP3CON                          (abs)        00313
_CCPTMRS0                         (abs)        0029E
_CONFIG_ADC_PINS                  text7        00551
_CONFIG_INT_OSC                   text6        00555
_CONFIG_PORTS                     text5        00559
_CONFIG_PWM_CCP3                  text4        00565
_CONVERT_SPEED_TO_LOG             text3        00592
_DETERMINE_WAVESHAPE              text1        005AE
_DO_ADC                           text2        00578
_GO_nDONE                         (abs)        004E9
_OSCCON                           (abs)        00099
_PR2                              (abs)        0001B
_SRLEN                            (abs)        008D7
_T2CON                            (abs)        0001C
_TMR2IF                           (abs)        00089
_TRISA2                           (abs)        00462
_TRISC                            (abs)        0008E
_WPUC                             (abs)        0020E
__H__absolute__                   __absolute__ 00000
__Habs1                           abs1         00000
__Hbank0                          bank0        00000
__Hbank1                          bank1        00000
__Hbank10                         bank10       00000
__Hbank11                         bank11       00000
__Hbank12                         bank12       00000
__Hbank13                         bank13       00000
__Hbank14                         bank14       00000
__Hbank15                         bank15       00000
__Hbank16                         bank16       00000
__Hbank17                         bank17       00000
__Hbank18                         bank18       00000
__Hbank19                         bank19       00000
__Hbank2                          bank2        00000
__Hbank20                         bank20       00000
__Hbank21                         bank21       00000
__Hbank22                         bank22       00000
__Hbank23                         bank23       00000
__Hbank24                         bank24       00000
__Hbank25                         bank25       00000
__Hbank26                         bank26       00000
__Hbank27                         bank27       00000
__Hbank28                         bank28       00000
__Hbank29                         bank29       00000
__Hbank3                          bank3        00000
__Hbank30                         bank30       00000
__Hbank31                         bank31       00000
__Hbank4                          bank4        00000
__Hbank5                          bank5        00000
__Hbank6                          bank6        00000
__Hbank7                          bank7        00000
__Hbank8                          bank8        00000
__Hbank9                          bank9        00000
__Hbigram                         bigram       00000
__HbssCOMMON                      bssCOMMON    00000
__Hcinit                          cinit        00800
__Hclrtext                        clrtext      00000
__Hcode                           code         00000
__Hcommon                         common       00000
__Hconfig                         config       08009
__HcstackCOMMON                   cstackCOMMON 00000
__Heeprom_data                    eeprom_data  00000
__Hend_init                       end_init     00005
__Hfunctab                        functab      00000
__Hheap                           heap         00000
__Hinit                           init         00003
__Hintentry                       intentry     00003
__Hmaintext                       maintext     00000
__HnvBANK0                        nvBANK0      00000
__HnvCOMMON                       nvCOMMON     00000
__Hpowerup                        powerup      00000
__Hram                            ram          00000
__Hreset_vec                      reset_vec    00003
__Hsfr0                           sfr0         00000
__Hsfr1                           sfr1         00000
__Hsfr10                          sfr10        00000
__Hsfr11                          sfr11        00000
__Hsfr12                          sfr12        00000
__Hsfr13                          sfr13        00000
__Hsfr14                          sfr14        00000
__Hsfr15                          sfr15        00000
__Hsfr16                          sfr16        00000
__Hsfr17                          sfr17        00000
__Hsfr18                          sfr18        00000
__Hsfr19                          sfr19        00000
__Hsfr2                           sfr2         00000
__Hsfr20                          sfr20        00000
__Hsfr21                          sfr21        00000
__Hsfr22                          sfr22        00000
__Hsfr23                          sfr23        00000
__Hsfr24                          sfr24        00000
__Hsfr25                          sfr25        00000
__Hsfr26                          sfr26        00000
__Hsfr27                          sfr27        00000
__Hsfr28                          sfr28        00000
__Hsfr29                          sfr29        00000
__Hsfr3                           sfr3         00000
__Hsfr30                          sfr30        00000
__Hsfr31                          sfr31        00000
__Hsfr4                           sfr4         00000
__Hsfr5                           sfr5         00000
__Hsfr6                           sfr6         00000
__Hsfr7                           sfr7         00000
__Hsfr8                           sfr8         00000
__Hsfr9                           sfr9         00000
__Hspace_0                        (abs)        01000
__Hspace_1                        (abs)        0007E
__Hspace_2                        (abs)        00000
__Hspace_3                        (abs)        00000
__Hspace_4                        (abs)        10010
__Hstack                          stack        00000
__Hstrings                        strings      00000
__Hstringtext1                    stringtext1  00000
__Hstringtext2                    stringtext2  00000
__Hstringtext3                    stringtext3  00000
__Hstringtext4                    stringtext4  00000
__Htext                           text         00000
__L__absolute__                   __absolute__ 00000
__Labs1                           abs1         00000
__Lbank0                          bank0        00000
__Lbank1                          bank1        00000
__Lbank10                         bank10       00000
__Lbank11                         bank11       00000
__Lbank12                         bank12       00000
__Lbank13                         bank13       00000
__Lbank14                         bank14       00000
__Lbank15                         bank15       00000
__Lbank16                         bank16       00000
__Lbank17                         bank17       00000
__Lbank18                         bank18       00000
__Lbank19                         bank19       00000
__Lbank2                          bank2        00000
__Lbank20                         bank20       00000
__Lbank21                         bank21       00000
__Lbank22                         bank22       00000
__Lbank23                         bank23       00000
__Lbank24                         bank24       00000
__Lbank25                         bank25       00000
__Lbank26                         bank26       00000
__Lbank27                         bank27       00000
__Lbank28                         bank28       00000
__Lbank29                         bank29       00000
__Lbank3                          bank3        00000
__Lbank30                         bank30       00000
__Lbank31                         bank31       00000
__Lbank4                          bank4        00000
__Lbank5                          bank5        00000
__Lbank6                          bank6        00000
__Lbank7                          bank7        00000
__Lbank8                          bank8        00000
__Lbank9                          bank9        00000
__Lbigram                         bigram       00000
__LbssCOMMON                      bssCOMMON    00000
__Lcinit                          cinit        007F9
__Lclrtext                        clrtext      00000
__Lcode                           code         00000
__Lcommon                         common       00000
__Lconfig                         config       00000
__LcstackCOMMON                   cstackCOMMON 00000
__Leeprom_data                    eeprom_data  00000
__Lend_init                       end_init     00003
__Lfunctab                        functab      00000
__Lheap                           heap         00000
__Linit                           init         00003
__Lintentry                       intentry     00003
__Lmaintext                       maintext     00000
__LnvBANK0                        nvBANK0      00000
__LnvCOMMON                       nvCOMMON     00000
__Lpowerup                        powerup      00000
__Lram                            ram          00000
__Lreset_vec                      reset_vec    00000
__Lsfr0                           sfr0         00000
__Lsfr1                           sfr1         00000
__Lsfr10                          sfr10        00000
__Lsfr11                          sfr11        00000
__Lsfr12                          sfr12        00000
__Lsfr13                          sfr13        00000
__Lsfr14                          sfr14        00000
__Lsfr15                          sfr15        00000
__Lsfr16                          sfr16        00000
__Lsfr17                          sfr17        00000
__Lsfr18                          sfr18        00000
__Lsfr19                          sfr19        00000
__Lsfr2                           sfr2         00000
__Lsfr20                          sfr20        00000
__Lsfr21                          sfr21        00000
__Lsfr22                          sfr22        00000
__Lsfr23                          sfr23        00000
__Lsfr24                          sfr24        00000
__Lsfr25                          sfr25        00000
__Lsfr26                          sfr26        00000
__Lsfr27                          sfr27        00000
__Lsfr28                          sfr28        00000
__Lsfr29                          sfr29        00000
__Lsfr3                           sfr3         00000
__Lsfr30                          sfr30        00000
__Lsfr31                          sfr31        00000
__Lsfr4                           sfr4         00000
__Lsfr5                           sfr5         00000
__Lsfr6                           sfr6         00000
__Lsfr7                           sfr7         00000
__Lsfr8                           sfr8         00000
__Lsfr9                           sfr9         00000
__Lspace_0                        (abs)        00000
__Lspace_1                        (abs)        00000
__Lspace_2                        (abs)        00000
__Lspace_3                        (abs)        00000
__Lspace_4                        (abs)        00000
__Lstack                          stack        00000
__Lstrings                        strings      00000
__Lstringtext1                    stringtext1  00000
__Lstringtext2                    stringtext2  00000
__Lstringtext3                    stringtext3  00000
__Lstringtext4                    stringtext4  00000
__Ltext                           text         00000
__S0                              (abs)        01000
__S1                              (abs)        0007E
__S3                              (abs)        00000
___heap_hi                        (abs)        00000
___heap_lo                        (abs)        00000
___int_sp                         stack        00000
___int_stack_hi                   stack        00000
___int_stack_lo                   stack        00000
___latbits                        (abs)        00001
___sp                             stack        00000
___stack_hi                       stack        00000
___stack_lo                       stack        00000
___stackhi                        (abs)        00000
___stacklo                        (abs)        00000
__end_of_A2D_lookup               stringtext4  00551
__end_of_CONFIG_ADC_PINS          text7        00555
__end_of_CONFIG_INT_OSC           text6        00559
__end_of_CONFIG_PORTS             text5        00565
__end_of_CONFIG_PWM_CCP3          text4        00578
__end_of_CONVERT_SPEED_TO_LOG     text3        005AE
__end_of_DETERMINE_WAVESHAPE      text1        005D1
__end_of_DO_ADC                   text2        00592
__end_of__initialization          cinit        007FD
__end_of_lin_to_log_10_bit        stringtext1  01000
__end_of_main                     maintext     005F9
__end_of_sine_table_one_quadrant  stringtext3  006F9
__end_of_tri_table_one_quadrant   stringtext2  007F9
__initialization                  cinit        007F9
__pbssCOMMON                      bssCOMMON    00077
__pcstackCOMMON                   cstackCOMMON 00070
__pmaintext                       maintext     005D1
__pnvBANK0                        nvBANK0      00020
__pnvCOMMON                       nvCOMMON     0007B
__pstringtext1                    stringtext1  00800
__pstringtext2                    stringtext2  006F9
__pstringtext3                    stringtext3  005F9
__pstringtext4                    stringtext4  0054E
__ptext1                          text1        005AE
__ptext2                          text2        00578
__ptext3                          text3        00592
__ptext4                          text4        00565
__ptext5                          text5        00559
__ptext6                          text6        00555
__ptext7                          text7        00551
_current_depth                    nvBANK0      00020
_current_speed_linear             nvCOMMON     0007C
_current_speed_log                bssCOMMON    00079
_current_waveshape                nvCOMMON     0007B
_lin_to_log_10_bit                stringtext1  00800
_main                             maintext     005D1
btemp                             (abs)        0007E
end_of_initialization             cinit        007FD
intlevel0                         functab      00000
intlevel1                         functab      00000
intlevel2                         functab      00000
intlevel3                         functab      00000
intlevel4                         functab      00000
intlevel5                         functab      00000
reset_vec                         reset_vec    00000
start                             init         00003
start_initialization              cinit        007F9
wtemp0                            (abs)        0007E


MODULE INFORMATION

Module		Function		Class		Link	Load	Size
shared
		_A2D_lookup    		STRCODE        	054E	0000	3
		_lin_to_log_10_bit		STRCODE        	0800	0000	2048
		__initialization		CODE           	07F9	0000	4
		_tri_table_one_quadrant		STRCODE        	0000	0000	0
		_sine_table_one_quadrant		STRCODE        	0000	0000	0

shared estimated size: 2055

main.c
		_CONVERT_SPEED_TO_LOG		CODE           	0592	0000	28
		_CONFIG_PORTS  		CODE           	0559	0000	12
		_main          		CODE           	05D1	0000	40
		_CONFIG_INT_OSC		CODE           	0555	0000	4
		_CONFIG_PWM_CCP3		CODE           	0565	0000	19
		_CONFIG_ADC_PINS		CODE           	0551	0000	4
		_DETERMINE_WAVESHAPE		CODE           	05AE	0000	35
		_DO_ADC        		CODE           	0578	0000	26

main.c estimated size: 168

