Microchip MPLAB XC8 Compiler V2.45

Linker command line:

-W-3 --edf=/Applications/microchip/xc8/v2.45/pic/dat/20230818022343_en.msgs \
  -cn \
  -h+.ca/dist/Config_2/production/Modulation_Index_2023_PIC16F1824.X.production.sym \
  --cmf=.ca/dist/Config_2/production/Modulation_Index_2023_PIC16F1824.X.production.cmf \
  -z -Q16F1824 -o/tmp/xcDwlAxdZ/driver_tmp_3.o --defsym=__MPLAB_BUILD=1 \
  --fixupoverflow=error \
  -M.ca/dist/Config_2/production/Modulation_Index_2023_PIC16F1824.X.production.map \
  --md=/tmp/xcDwlAxdZ/driver_tmp_0.dat -E1 -ver=XC8 Compiler --acfsm=1493 \
  -ACODE=00h-07FFhx2 -ASTRCODE=00h-0FFFh -ASTRING=00h-0FFhx16 \
  -ACONST=00h-0FFhx16 -AENTRY=00h-0FFhx16 -ACOMMON=070h-07Fh \
  -ABANK0=020h-06Fh -ABANK1=0A0h-0EFh -ABANK2=0120h-016Fh \
  -ABIGRAM=02000h-020EFh -ARAM=020h-06Fh,0A0h-0EFh,0120h-016Fh \
  -AABS1=020h-07Fh,0A0h-0EFh,0120h-016Fh -ASFR0=00h-01Fh -ASFR1=080h-09Fh \
  -ASFR2=0100h-011Fh -ASFR3=0180h-01EFh -ASFR4=0200h-026Fh \
  -ASFR5=0280h-02EFh -ASFR6=0300h-036Fh -ASFR7=0380h-03EFh \
  -ASFR8=0400h-046Fh -ASFR9=0480h-04EFh -ASFR10=0500h-056Fh \
  -ASFR11=0580h-05EFh -ASFR12=0600h-066Fh -ASFR13=0680h-06EFh \
  -ASFR14=0700h-076Fh -ASFR15=0780h-07EFh -ASFR16=0800h-086Fh \
  -ASFR17=0880h-08EFh -ASFR18=0900h-096Fh -ASFR19=0980h-09EFh \
  -ASFR20=0A00h-0A6Fh -ASFR21=0A80h-0AEFh -ASFR22=0B00h-0B6Fh \
  -ASFR23=0B80h-0BEFh -ASFR24=0C00h-0C6Fh -ASFR25=0C80h-0CEFh \
  -ASFR26=0D00h-0D6Fh -ASFR27=0D80h-0DEFh -ASFR28=0E00h-0E6Fh \
  -ASFR29=0E80h-0EEFh -ASFR30=0F00h-0F6Fh -ASFR31=0F80h-0FEFh \
  -ACONFIG=08007h-08008h -DCONFIG=2 -AIDLOC=08000h-08003h -DIDLOC=2 \
  -AEEDATA=00h-0FFh/0F000h -peeprom_data=EEDATA -DEEDATA=2 -DCODE=2 \
  -DSTRCODE=2 -DSTRING=2 -DCONST=2 -DENTRY=2 \
  -preset_vec=00h,intentry,init,end_init -ppowerup=CODE -pcinit=CODE \
  -pfunctab=ENTRY -k /tmp/xcDwlAxdZ/driver_tmp_15.o \
  .ca/dist/Config_2/production/Modulation_Index_2023_PIC16F1824.X.production.o 

Object code version is 3.11

Machine type is 16F1824



                Name                               Link     Load   Length Selector   Space Scale
/tmp/xcDwlAxdZ/driver_tmp_15.o
                end_init                              2        2        2        0       0
                reset_vec                             0        0        2        0       0
                config                             8007     8007        2        0       4
.ca/dist/Config_2/production/Modulation_Index_2023_PIC16F1824.X.production.o
                cinit                               7F1      7F1        F      FE2       0
                config                             8007     8007        2        0       4
                text15                              A82      A82        4     1504       0
                text14                                6        6        4        C       0
                text13                              A86      A86        C     150C       0
                text12                                A        A       13       14       0
                text11                              B0B      B0B       72     1616       0
                text10                              C95      C95      16F     192A       0
                text9                               AC9      AC9       1F     1592       0
                text8                               E04      E04      1FC     1C08       0
                text7                                44       44      1B1       88       0
                text6                               AAC      AAC       1D     1558       0
                text5                               C02      C02       93     1804       0
                text4                               1F5      1F5      5FC      3EA       0
                text3                               B7D      B7D       85     16FA       0
                text2                               A92      A92       1A     1524       0
                text1                               AE8      AE8       23     15D0       0
                maintext                             1D       1D       27       3A       0
                cstackBANK0                          20       20       50       20       1
                cstackCOMMON                         70       70        E       70       1
                cstackBANK1                          A0       A0       1C       A0       1
                cstackBANK2                         120      120       4E      120       1
                bssBANK2                            16E      16E        2      120       1
                bssBANK1                             BC       BC        8       A0       1
                nvBANK1                              C4       C4        5       A0       1
                stringtext11                        A20      A20        3     1000       0
                stringtext10                        A1C      A1C        4     1000       0
                stringtext9                         A18      A18        4     1000       0
                stringtext8                         A14      A14        4     1000       0
                stringtext7                         A10      A10        4     1000       0
                stringtext6                         A0C      A0C        4     1000       0
                stringtext5                         A08      A08        4     1000       0
                stringtext4                         A04      A04        4     1000       0
                stringtext3                         A00      A00        4     1000       0
                stringtext2                         900      900      100     1000       0
                stringtext1                         800      800      100     1000       0

TOTAL           Name                               Link     Load   Length     Space
        CLASS   CODE           
                end_init                              2        2        2         0
                cinit                               7F1      7F1        F         0
                reset_vec                             0        0        2         0
                text15                              A82      A82        4         0
                text14                                6        6        4         0
                text13                              A86      A86        C         0
                text12                                A        A       13         0
                text11                              B0B      B0B       72         0
                text10                              C95      C95      16F         0
                text9                               AC9      AC9       1F         0
                text8                               E04      E04      1FC         0
                text7                                44       44      1B1         0
                text6                               AAC      AAC       1D         0
                text5                               C02      C02       93         0
                text4                               1F5      1F5      5FC         0
                text3                               B7D      B7D       85         0
                text2                               A92      A92       1A         0
                text1                               AE8      AE8       23         0
                maintext                             1D       1D       27         0

        CLASS   STRCODE        
                stringtext11                        A20      A20        3         0
                stringtext10                        A1C      A1C        4         0
                stringtext9                         A18      A18        4         0
                stringtext8                         A14      A14        4         0
                stringtext7                         A10      A10        4         0
                stringtext6                         A0C      A0C        4         0
                stringtext5                         A08      A08        4         0
                stringtext4                         A04      A04        4         0
                stringtext3                         A00      A00        4         0
                stringtext2                         900      900      100         0
                stringtext1                         800      800      100         0

        CLASS   STRING         

        CLASS   CONST          

        CLASS   ENTRY          

        CLASS   COMMON         
                cstackCOMMON                         70       70        E         1

        CLASS   BANK0          
                cstackBANK0                          20       20       50         1

        CLASS   BANK1          
                cstackBANK1                          A0       A0       1C         1
                bssBANK1                             BC       BC        8         1
                nvBANK1                              C4       C4        5         1

        CLASS   BANK2          
                cstackBANK2                         120      120       4E         1
                bssBANK2                            16E      16E        2         1

        CLASS   BIGRAM         

        CLASS   RAM            

        CLASS   ABS1           
                abs_s1                               7E       7E        2         1

        CLASS   SFR0           

        CLASS   SFR1           

        CLASS   SFR2           

        CLASS   SFR3           

        CLASS   SFR4           

        CLASS   SFR5           

        CLASS   SFR6           

        CLASS   SFR7           

        CLASS   SFR8           

        CLASS   SFR9           

        CLASS   SFR10          

        CLASS   SFR11          

        CLASS   SFR12          

        CLASS   SFR13          

        CLASS   SFR14          

        CLASS   SFR15          

        CLASS   SFR16          

        CLASS   SFR17          

        CLASS   SFR18          

        CLASS   SFR19          

        CLASS   SFR20          

        CLASS   SFR21          

        CLASS   SFR22          

        CLASS   SFR23          

        CLASS   SFR24          

        CLASS   SFR25          

        CLASS   SFR26          

        CLASS   SFR27          

        CLASS   SFR28          

        CLASS   SFR29          

        CLASS   SFR30          

        CLASS   SFR31          

        CLASS   CONFIG         
                config                             8007     8007        2         4

        CLASS   IDLOC          

        CLASS   EEDATA         

        CLASS   BANK31         

        CLASS   BANK30         

        CLASS   BANK29         

        CLASS   BANK28         

        CLASS   BANK27         

        CLASS   BANK26         

        CLASS   BANK25         

        CLASS   BANK24         

        CLASS   BANK23         

        CLASS   BANK22         

        CLASS   BANK21         

        CLASS   BANK20         

        CLASS   BANK19         

        CLASS   BANK18         

        CLASS   BANK17         

        CLASS   BANK16         

        CLASS   BANK15         

        CLASS   BANK14         

        CLASS   BANK13         

        CLASS   BANK12         

        CLASS   BANK11         

        CLASS   BANK10         

        CLASS   BANK9          

        CLASS   BANK8          

        CLASS   BANK7          

        CLASS   BANK6          

        CLASS   BANK5          

        CLASS   BANK4          

        CLASS   BANK3          

        CLASS   HEAP           

        CLASS   STACK          



SEGMENTS        Name                           Load    Length   Top    Selector   Space  Class     Delta

                maintext                       00001D  000027  000044        3A       0  CODE        2
                text11                         000B0B  000072  000B7D      1616       0  CODE        2
                reset_vec                      000000  000004  000004         0       0  CODE        2
                text1                          000AE8  000023  000B0B      15D0       0  CODE        2
                text5                          000C02  000093  000C95      1804       0  CODE        2
                text3                          000B7D  000085  000C02      16FA       0  CODE        2
                text9                          000AC9  00001F  000AE8      1592       0  CODE        2
                text6                          000AAC  00001D  000AC9      1558       0  CODE        2
                text10                         000C95  00016F  000E04      192A       0  CODE        2
                stringtext1                    000800  000223  000A23      1000       0  STRCODE     2
                text4                          0001F5  0005FC  0007F1       3EA       0  CODE        2
                text8                          000E04  0001FC  001000      1C08       0  CODE        2
                text7                          000044  0001B1  0001F5        88       0  CODE        2
                text2                          000A92  00001A  000AAC      1524       0  CODE        2
                text14                         000006  000004  00000A         C       0  CODE        2
                text15                         000A82  000004  000A86      1504       0  CODE        2
                text12                         00000A  000013  00001D        14       0  CODE        2
                text13                         000A86  00000C  000A92      150C       0  CODE        2
                cstackCOMMON                   000070  00000E  00007E        70       1  COMMON      1
                cinit                          0007F1  00000F  000800       FE2       0  CODE        2
                cstackBANK0                    000020  000050  000070        20       1  BANK0       1
                cstackBANK1                    0000A0  000029  0000C9        A0       1  BANK1       1
                cstackBANK2                    000120  000050  000170       120       1  BANK2       1


UNUSED ADDRESS RANGES

        Name                Unused          Largest block    Delta
        BANK1            000C9-000EF              27           1
        BIGRAM           02000-020EF              F0           1
        CODE             00004-00005               2           2
                         00A23-00A81              5F
        CONST            00004-00005               2           2
                         00A23-00A81              5F
        EEDATA           0F000-0F0FF             100           2
        ENTRY            00004-00005               2           2
                         00A23-00A81              5F
        IDLOC            08000-08003               4           2
        RAM              000C9-000EF              27           1
        SFR0             00000-0001F              20           1
        SFR1             00080-0009F              20           1
        SFR10            00500-0056F              70           1
        SFR11            00580-005EF              70           1
        SFR12            00600-0066F              70           1
        SFR13            00680-006EF              70           1
        SFR14            00700-0076F              70           1
        SFR15            00780-007EF              70           1
        SFR16            00800-0086F              70           1
        SFR17            00880-008EF              70           1
        SFR18            00900-0096F              70           1
        SFR19            00980-009EF              70           1
        SFR2             00100-0011F              20           1
        SFR20            00A00-00A6F              70           1
        SFR21            00A80-00AEF              70           1
        SFR22            00B00-00B6F              70           1
        SFR23            00B80-00BEF              70           1
        SFR24            00C00-00C6F              70           1
        SFR25            00C80-00CEF              70           1
        SFR26            00D00-00D6F              70           1
        SFR27            00D80-00DEF              70           1
        SFR28            00E00-00E6F              70           1
        SFR29            00E80-00EEF              70           1
        SFR3             00180-001EF              70           1
        SFR30            00F00-00F6F              70           1
        SFR31            00F80-00FEF              70           1
        SFR4             00200-0026F              70           1
        SFR5             00280-002EF              70           1
        SFR6             00300-0036F              70           1
        SFR7             00380-003EF              70           1
        SFR8             00400-0046F              70           1
        SFR9             00480-004EF              70           1
        STRCODE          00004-00005               2           2
                         00A23-00A81              5F
        STRING           00004-00005               2           2
                         00A23-00A81              5F

                                  Symbol Table

?_DO_ADC                          cstackCOMMON 00070
?__Umul8_16                       cstackCOMMON 00070
?___fladd                         cstackBANK0  0003A
?___fldiv                         cstackBANK0  0004E
?___flmul                         cstackBANK0  00020
?___flsub                         cstackBANK0  0004E
?___fltol                         cstackBANK0  0006C
?___xxtofl                        cstackCOMMON 00070
?_log10f                          cstackBANK0  00068
CONVERT_SPEED_TO_LOG@linear_speed cstackBANK1  000BB
CONVERT_SPEED_TO_LOG@log_speed    cstackBANK1  000AE
CONVERT_SPEED_TO_LOG@temp         cstackBANK1  000B9
DETERMINE_WAVESHAPE@ADC           cstackCOMMON 00075
DO_ADC@adc_result                 cstackCOMMON 00072
DO_ADC@modifier                   cstackCOMMON 00074
_A2D_lookup                       stringtext11 00A20
_ADCON0                           (abs)        0009D
_ADCON1                           (abs)        0009E
_ADON                             (abs)        004E8
_ADRESH                           (abs)        0009C
_ADRESL                           (abs)        0009B
_ANSELC                           (abs)        0018E
_C1ON                             (abs)        0088F
_CCP3CON                          (abs)        00313
_CCPTMRS0                         (abs)        0029E
_CONFIG_ADC_PINS                  text15       00A82
_CONFIG_INT_OSC                   text14       00006
_CONFIG_PORTS                     text13       00A86
_CONFIG_PWM_CCP3                  text12       0000A
_CONVERT_SPEED_TO_LOG             text3        00B7D
_CONVERT_SPEED_TO_LOG$762         cstackBANK1  000B1
_CONVERT_SPEED_TO_LOG$763         cstackBANK1  000B5
_DETERMINE_WAVESHAPE              text1        00AE8
_DO_ADC                           text2        00A92
_GO_nDONE                         (abs)        004E9
_OSCCON                           (abs)        00099
_PR2                              (abs)        0001B
_SRLEN                            (abs)        008D7
_T2CON                            (abs)        0001C
_TMR2IF                           (abs)        00089
_TRISA2                           (abs)        00462
_TRISC                            (abs)        0008E
_WPUC                             (abs)        0020E
__H__absolute__                   __absolute__ 00000
__Habs1                           abs1         00000
__Hbank0                          bank0        00000
__Hbank1                          bank1        00000
__Hbank10                         bank10       00000
__Hbank11                         bank11       00000
__Hbank12                         bank12       00000
__Hbank13                         bank13       00000
__Hbank14                         bank14       00000
__Hbank15                         bank15       00000
__Hbank16                         bank16       00000
__Hbank17                         bank17       00000
__Hbank18                         bank18       00000
__Hbank19                         bank19       00000
__Hbank2                          bank2        00000
__Hbank20                         bank20       00000
__Hbank21                         bank21       00000
__Hbank22                         bank22       00000
__Hbank23                         bank23       00000
__Hbank24                         bank24       00000
__Hbank25                         bank25       00000
__Hbank26                         bank26       00000
__Hbank27                         bank27       00000
__Hbank28                         bank28       00000
__Hbank29                         bank29       00000
__Hbank3                          bank3        00000
__Hbank30                         bank30       00000
__Hbank31                         bank31       00000
__Hbank4                          bank4        00000
__Hbank5                          bank5        00000
__Hbank6                          bank6        00000
__Hbank7                          bank7        00000
__Hbank8                          bank8        00000
__Hbank9                          bank9        00000
__Hbigram                         bigram       00000
__HbssBANK1                       bssBANK1     00000
__HbssBANK2                       bssBANK2     00000
__Hcinit                          cinit        00800
__Hclrtext                        clrtext      00000
__Hcode                           code         00000
__Hcommon                         common       00000
__Hconfig                         config       08009
__HcstackBANK0                    cstackBANK0  00000
__HcstackBANK1                    cstackBANK1  00000
__HcstackBANK2                    cstackBANK2  00000
__HcstackCOMMON                   cstackCOMMON 00000
__Heeprom_data                    eeprom_data  00000
__Hend_init                       end_init     00004
__Hfunctab                        functab      00000
__Hheap                           heap         00000
__Hinit                           init         00002
__Hintentry                       intentry     00002
__Hmaintext                       maintext     00000
__HnvBANK1                        nvBANK1      00000
__Hpowerup                        powerup      00000
__Hram                            ram          00000
__Hreset_vec                      reset_vec    00002
__Hsfr0                           sfr0         00000
__Hsfr1                           sfr1         00000
__Hsfr10                          sfr10        00000
__Hsfr11                          sfr11        00000
__Hsfr12                          sfr12        00000
__Hsfr13                          sfr13        00000
__Hsfr14                          sfr14        00000
__Hsfr15                          sfr15        00000
__Hsfr16                          sfr16        00000
__Hsfr17                          sfr17        00000
__Hsfr18                          sfr18        00000
__Hsfr19                          sfr19        00000
__Hsfr2                           sfr2         00000
__Hsfr20                          sfr20        00000
__Hsfr21                          sfr21        00000
__Hsfr22                          sfr22        00000
__Hsfr23                          sfr23        00000
__Hsfr24                          sfr24        00000
__Hsfr25                          sfr25        00000
__Hsfr26                          sfr26        00000
__Hsfr27                          sfr27        00000
__Hsfr28                          sfr28        00000
__Hsfr29                          sfr29        00000
__Hsfr3                           sfr3         00000
__Hsfr30                          sfr30        00000
__Hsfr31                          sfr31        00000
__Hsfr4                           sfr4         00000
__Hsfr5                           sfr5         00000
__Hsfr6                           sfr6         00000
__Hsfr7                           sfr7         00000
__Hsfr8                           sfr8         00000
__Hsfr9                           sfr9         00000
__Hspace_0                        (abs)        01000
__Hspace_1                        (abs)        00170
__Hspace_2                        (abs)        00000
__Hspace_3                        (abs)        00000
__Hspace_4                        (abs)        10010
__Hstack                          stack        00000
__Hstrings                        strings      00000
__Hstringtext1                    stringtext1  00000
__Hstringtext10                   stringtext10 00000
__Hstringtext11                   stringtext11 00000
__Hstringtext2                    stringtext2  00000
__Hstringtext3                    stringtext3  00000
__Hstringtext4                    stringtext4  00000
__Hstringtext5                    stringtext5  00000
__Hstringtext6                    stringtext6  00000
__Hstringtext7                    stringtext7  00000
__Hstringtext8                    stringtext8  00000
__Hstringtext9                    stringtext9  00000
__Htext                           text         00000
__L__absolute__                   __absolute__ 00000
__Labs1                           abs1         00000
__Lbank0                          bank0        00000
__Lbank1                          bank1        00000
__Lbank10                         bank10       00000
__Lbank11                         bank11       00000
__Lbank12                         bank12       00000
__Lbank13                         bank13       00000
__Lbank14                         bank14       00000
__Lbank15                         bank15       00000
__Lbank16                         bank16       00000
__Lbank17                         bank17       00000
__Lbank18                         bank18       00000
__Lbank19                         bank19       00000
__Lbank2                          bank2        00000
__Lbank20                         bank20       00000
__Lbank21                         bank21       00000
__Lbank22                         bank22       00000
__Lbank23                         bank23       00000
__Lbank24                         bank24       00000
__Lbank25                         bank25       00000
__Lbank26                         bank26       00000
__Lbank27                         bank27       00000
__Lbank28                         bank28       00000
__Lbank29                         bank29       00000
__Lbank3                          bank3        00000
__Lbank30                         bank30       00000
__Lbank31                         bank31       00000
__Lbank4                          bank4        00000
__Lbank5                          bank5        00000
__Lbank6                          bank6        00000
__Lbank7                          bank7        00000
__Lbank8                          bank8        00000
__Lbank9                          bank9        00000
__Lbigram                         bigram       00000
__LbssBANK1                       bssBANK1     00000
__LbssBANK2                       bssBANK2     00000
__Lcinit                          cinit        007F1
__Lclrtext                        clrtext      00000
__Lcode                           code         00000
__Lcommon                         common       00000
__Lconfig                         config       00000
__LcstackBANK0                    cstackBANK0  00000
__LcstackBANK1                    cstackBANK1  00000
__LcstackBANK2                    cstackBANK2  00000
__LcstackCOMMON                   cstackCOMMON 00000
__Leeprom_data                    eeprom_data  00000
__Lend_init                       end_init     00002
__Lfunctab                        functab      00000
__Lheap                           heap         00000
__Linit                           init         00002
__Lintentry                       intentry     00002
__Lmaintext                       maintext     00000
__LnvBANK1                        nvBANK1      00000
__Lpowerup                        powerup      00000
__Lram                            ram          00000
__Lreset_vec                      reset_vec    00000
__Lsfr0                           sfr0         00000
__Lsfr1                           sfr1         00000
__Lsfr10                          sfr10        00000
__Lsfr11                          sfr11        00000
__Lsfr12                          sfr12        00000
__Lsfr13                          sfr13        00000
__Lsfr14                          sfr14        00000
__Lsfr15                          sfr15        00000
__Lsfr16                          sfr16        00000
__Lsfr17                          sfr17        00000
__Lsfr18                          sfr18        00000
__Lsfr19                          sfr19        00000
__Lsfr2                           sfr2         00000
__Lsfr20                          sfr20        00000
__Lsfr21                          sfr21        00000
__Lsfr22                          sfr22        00000
__Lsfr23                          sfr23        00000
__Lsfr24                          sfr24        00000
__Lsfr25                          sfr25        00000
__Lsfr26                          sfr26        00000
__Lsfr27                          sfr27        00000
__Lsfr28                          sfr28        00000
__Lsfr29                          sfr29        00000
__Lsfr3                           sfr3         00000
__Lsfr30                          sfr30        00000
__Lsfr31                          sfr31        00000
__Lsfr4                           sfr4         00000
__Lsfr5                           sfr5         00000
__Lsfr6                           sfr6         00000
__Lsfr7                           sfr7         00000
__Lsfr8                           sfr8         00000
__Lsfr9                           sfr9         00000
__Lspace_0                        (abs)        00000
__Lspace_1                        (abs)        00000
__Lspace_2                        (abs)        00000
__Lspace_3                        (abs)        00000
__Lspace_4                        (abs)        00000
__Lstack                          stack        00000
__Lstrings                        strings      00000
__Lstringtext1                    stringtext1  00000
__Lstringtext10                   stringtext10 00000
__Lstringtext11                   stringtext11 00000
__Lstringtext2                    stringtext2  00000
__Lstringtext3                    stringtext3  00000
__Lstringtext4                    stringtext4  00000
__Lstringtext5                    stringtext5  00000
__Lstringtext6                    stringtext6  00000
__Lstringtext7                    stringtext7  00000
__Lstringtext8                    stringtext8  00000
__Lstringtext9                    stringtext9  00000
__Ltext                           text         00000
__S0                              (abs)        01000
__S1                              (abs)        00170
__S3                              (abs)        00000
__Umul8_16                        text9        00AC9
__Umul8_16@multiplicand           cstackCOMMON 00070
__Umul8_16@multiplier             cstackCOMMON 00078
__Umul8_16@product                cstackCOMMON 00074
__Umul8_16@word_mpld              cstackCOMMON 00076
___fladd                          text7        00044
___fladd@a                        cstackBANK0  0003E
___fladd@aexp                     cstackBANK0  0004B
___fladd@b                        cstackBANK0  0003A
___fladd@bexp                     cstackBANK0  0004C
___fladd@grs                      cstackBANK0  0004D
___fladd@signs                    cstackBANK0  0004A
___fldiv                          text10       00C95
___fldiv@a                        cstackBANK0  0004E
___fldiv@aexp                     cstackBANK0  00067
___fldiv@b                        cstackBANK0  00052
___fldiv@bexp                     cstackBANK0  00066
___fldiv@grs                      cstackBANK0  00062
___fldiv@new_exp                  cstackBANK0  00060
___fldiv@rem                      cstackBANK0  0005B
___fldiv@sign                     cstackBANK0  0005F
___flmul                          text8        00E04
___flmul@a                        cstackBANK0  00024
___flmul@aexp                     cstackBANK0  0002E
___flmul@b                        cstackBANK0  00020
___flmul@bexp                     cstackBANK0  00033
___flmul@grs                      cstackBANK0  0002F
___flmul@prod                     cstackBANK0  00034
___flmul@sign                     cstackBANK0  0002D
___flmul@temp                     cstackBANK0  00038
___flsub                          text6        00AAC
___flsub@a                        cstackBANK0  0004E
___flsub@b                        cstackBANK0  00052
___fltol                          text11       00B0B
___fltol@exp1                     cstackBANK1  000AD
___fltol@f1                       cstackBANK0  0006C
___fltol@sign1                    cstackBANK1  000AC
___heap_hi                        (abs)        00000
___heap_lo                        (abs)        00000
___int_sp                         stack        00000
___int_stack_hi                   stack        00000
___int_stack_lo                   stack        00000
___latbits                        (abs)        00001
___sp                             stack        00000
___stack_hi                       stack        00000
___stack_lo                       stack        00000
___stackhi                        (abs)        00000
___stacklo                        (abs)        00000
___xxtofl                         text5        00C02
___xxtofl@arg                     cstackCOMMON 0007A
___xxtofl@exp                     cstackCOMMON 00079
___xxtofl@sign                    cstackCOMMON 00078
___xxtofl@val                     cstackCOMMON 00070
__end_of_A2D_lookup               stringtext11 00A23
__end_of_CONFIG_ADC_PINS          text15       00A86
__end_of_CONFIG_INT_OSC           text14       0000A
__end_of_CONFIG_PORTS             text13       00A92
__end_of_CONFIG_PWM_CCP3          text12       0001D
__end_of_CONVERT_SPEED_TO_LOG     text3        00C02
__end_of_DETERMINE_WAVESHAPE      text1        00B0B
__end_of_DO_ADC                   text2        00AAC
__end_of_Lg1                      stringtext6  00A10
__end_of_Lg2                      stringtext5  00A0C
__end_of_Lg3                      stringtext4  00A08
__end_of_Lg4                      stringtext3  00A04
__end_of__Umul8_16                text9        00AE8
__end_of___fladd                  text7        001F5
__end_of___fldiv                  text10       00E04
__end_of___flmul                  text8        01000
__end_of___flsub                  text6        00AC9
__end_of___fltol                  text11       00B7D
__end_of___xxtofl                 text5        00C95
__end_of__initialization          cinit        007FD
__end_of_ivln10hi                 stringtext10 00A20
__end_of_ivln10lo                 stringtext9  00A1C
__end_of_log10_2hi                stringtext8  00A18
__end_of_log10_2lo                stringtext7  00A14
__end_of_log10f                   text4        007F1
__end_of_main                     maintext     00044
__end_of_sine_table_one_quadrant  stringtext2  00A00
__end_of_tri_table_one_quadrant   stringtext1  00900
__initialization                  cinit        007F1
__pbssBANK1                       bssBANK1     000BC
__pbssBANK2                       bssBANK2     0016E
__pcstackBANK0                    cstackBANK0  00020
__pcstackBANK1                    cstackBANK1  000A0
__pcstackBANK2                    cstackBANK2  00120
__pcstackCOMMON                   cstackCOMMON 00070
__pmaintext                       maintext     0001D
__pnvBANK1                        nvBANK1      000C4
__pstringtext1                    stringtext1  00800
__pstringtext10                   stringtext10 00A1C
__pstringtext11                   stringtext11 00A20
__pstringtext2                    stringtext2  00900
__pstringtext3                    stringtext3  00A00
__pstringtext4                    stringtext4  00A04
__pstringtext5                    stringtext5  00A08
__pstringtext6                    stringtext6  00A0C
__pstringtext7                    stringtext7  00A10
__pstringtext8                    stringtext8  00A14
__pstringtext9                    stringtext9  00A18
__ptext1                          text1        00AE8
__ptext10                         text10       00C95
__ptext11                         text11       00B0B
__ptext12                         text12       0000A
__ptext13                         text13       00A86
__ptext14                         text14       00006
__ptext15                         text15       00A82
__ptext2                          text2        00A92
__ptext3                          text3        00B7D
__ptext4                          text4        001F5
__ptext5                          text5        00C02
__ptext6                          text6        00AAC
__ptext7                          text7        00044
__ptext8                          text8        00E04
__ptext9                          text9        00AC9
_current_depth                    nvBANK1      000C4
_current_speed_linear             nvBANK1      000C7
_current_speed_log                bssBANK1     000C2
_current_waveshape                nvBANK1      000C6
_errno                            bssBANK2     0016E
_log10f                           text4        001F5
_log10f$764                       cstackBANK2  0015E
_log10f$765                       cstackBANK2  0012C
_log10f$766                       cstackBANK2  0014A
_log10f$767                       cstackBANK2  00130
_log10f$768                       cstackBANK2  00134
_log10f$769                       cstackBANK2  00138
_log10f$770                       cstackBANK2  0013C
_main                             maintext     0001D
btemp                             (abs)        0007E
end_of_initialization             cinit        007FD
intlevel0                         functab      00000
intlevel1                         functab      00000
intlevel2                         functab      00000
intlevel3                         functab      00000
intlevel4                         functab      00000
intlevel5                         functab      00000
log10f@F474                       bssBANK1     000BC
log10f@R                          cstackBANK2  00120
log10f@dk                         cstackBANK2  00142
log10f@f                          cstackBANK2  00166
log10f@hfsq                       cstackBANK2  0014E
log10f@hi                         cstackBANK2  00162
log10f@k                          cstackBANK2  00140
log10f@lo                         cstackBANK2  00146
log10f@s                          cstackBANK2  00152
log10f@t1                         cstackBANK2  00124
log10f@t2                         cstackBANK2  00128
log10f@ux                         cstackBANK2  0016A
log10f@w                          cstackBANK2  0015A
log10f@x                          cstackBANK0  00068
log10f@z                          cstackBANK2  00156
reset_vec                         reset_vec    00000
start                             init         00002
start_initialization              cinit        007F1
wtemp0                            (abs)        0007E


MODULE INFORMATION

Module		Function		Class		Link	Load	Size
/Applications/microchip/xc8/v2.45/pic/sources/c99/common/Umul8_16.c
		__Umul8_16     		CODE           	0AC9	0000	31

/Applications/microchip/xc8/v2.45/pic/sources/c99/common/Umul8_16.c estimated size: 31

/Applications/microchip/xc8/v2.45/pic/sources/c99/common/sprcmul.c
		___flmul       		CODE           	0E04	0000	508

/Applications/microchip/xc8/v2.45/pic/sources/c99/common/sprcmul.c estimated size: 508

/Applications/microchip/xc8/v2.45/pic/sources/c99/common/sprcdiv.c
		___fldiv       		CODE           	0C95	0000	367

/Applications/microchip/xc8/v2.45/pic/sources/c99/common/sprcdiv.c estimated size: 367

/Applications/microchip/xc8/v2.45/pic/sources/c99/common/log10f.c
		_log10f        		CODE           	01F5	0000	1532

/Applications/microchip/xc8/v2.45/pic/sources/c99/common/log10f.c estimated size: 1532

/Applications/microchip/xc8/v2.45/pic/sources/c99/common/sprcadd.c
		___flsub       		CODE           	0AAC	0000	29
		___fladd       		CODE           	0044	0000	433

/Applications/microchip/xc8/v2.45/pic/sources/c99/common/sprcadd.c estimated size: 462

/Applications/microchip/xc8/v2.45/pic/sources/c99/common/xxtofl.c
		___xxtofl      		CODE           	0C02	0000	147

/Applications/microchip/xc8/v2.45/pic/sources/c99/common/xxtofl.c estimated size: 147

/Applications/microchip/xc8/v2.45/pic/sources/c99/common/fltol.c
		___fltol       		CODE           	0B0B	0000	114

/Applications/microchip/xc8/v2.45/pic/sources/c99/common/fltol.c estimated size: 114

shared
		_A2D_lookup    		STRCODE        	0A20	0000	3
		_ivln10lo      		STRCODE        	0000	0000	0
		_Lg1           		STRCODE        	0000	0000	0
		_Lg2           		STRCODE        	0000	0000	0
		_Lg3           		STRCODE        	0000	0000	0
		_ivln10hi      		STRCODE        	0000	0000	0
		_Lg4           		STRCODE        	0000	0000	0
		__initialization		CODE           	07F1	0000	12
		_log10_2hi     		STRCODE        	0000	0000	0
		_log10_2lo     		STRCODE        	0000	0000	0
		_tri_table_one_quadrant		STRCODE        	0000	0000	0
		_sine_table_one_quadrant		STRCODE        	0000	0000	0

shared estimated size: 15

main.c
		_CONVERT_SPEED_TO_LOG		CODE           	0B7D	0000	133
		_CONFIG_PORTS  		CODE           	0A86	0000	12
		_main          		CODE           	001D	0000	39
		_CONFIG_INT_OSC		CODE           	0006	0000	4
		_CONFIG_PWM_CCP3		CODE           	000A	0000	19
		_CONFIG_ADC_PINS		CODE           	0A82	0000	4
		_DETERMINE_WAVESHAPE		CODE           	0AE8	0000	35
		_DO_ADC        		CODE           	0A92	0000	26

main.c estimated size: 272

